<html>
<body>
<pre>
<h1>µVision Build Log</h1>
<h2>Tool Versions:</h2>
IDE-Version: µVision V5.32.0.0
Copyright (C) 2020 ARM Ltd and ARM Germany GmbH. All rights reserved.
License Information: a a, a, LIC=S5ISZ-JJT3E-WKGB8-3KHU4-KJDCM-03693
 
Tool Versions:
Toolchain:       MDK-ARM Professional  Version: 5.32.0.0
Toolchain Path:  C:\Keil_v5\ARM\ARMCC\Bin
C Compiler:      Armcc.exe V5.06 update 7 (build 960)
Assembler:       Armasm.exe V5.06 update 7 (build 960)
Linker/Locator:  ArmLink.exe V5.06 update 7 (build 960)
Library Manager: ArmAr.exe V5.06 update 7 (build 960)
Hex Converter:   FromElf.exe V5.06 update 7 (build 960)
CPU DLL:         SARMCM3.DLL V5.32.0.0
Dialog DLL:      DCM.DLL V1.17.3.0
Target DLL:      STLink\ST-LINKIII-KEIL_SWO.dll V3.0.8.0
Dialog DLL:      TCM.DLL V1.46.0.0
 
<h2>Project:</h2>
H:\MyProject\KEYBOARD_project\code\AYK_encoderv2.2_oled_fn_R\MDK-ARM\AYK_KEYBOARD.uvprojx
Project File Date:  12/06/2023

<h2>Output:</h2>
*** Using Compiler 'V5.06 update 7 (build 960)', folder: 'C:\Keil_v5\ARM\ARMCC\Bin'
Build target 'AYK_KEYBOARD'
assembling startup_stm32f401xc.s...
compiling main.c...
../Core/Inc/ssd1306.h(179): warning:  #1295-D: Deprecated declaration ssd1306_GetDisplayOn - give arg types
  uint8_t ssd1306_GetDisplayOn();
../Core/Inc/ssd1306_tests.h(14): warning:  #1295-D: Deprecated declaration ssd1306_TestRectangleFill - give arg types
  void ssd1306_TestRectangleFill();
../Core/Src/main.c(338): warning:  #223-D: function "USBD_CUSTOM_HID_SendReport" declared implicitly
  			USBD_CUSTOM_HID_SendReport(&hUsbDeviceFS, &keyboardhid, sizeof (keyboardhid));
../Core/Src/main.c: 3 warnings, 0 errors
compiling stm32f4xx_hal_msp.c...
../Core/Inc/ssd1306.h(179): warning:  #1295-D: Deprecated declaration ssd1306_GetDisplayOn - give arg types
  uint8_t ssd1306_GetDisplayOn();
../Core/Inc/ssd1306_tests.h(14): warning:  #1295-D: Deprecated declaration ssd1306_TestRectangleFill - give arg types
  void ssd1306_TestRectangleFill();
../Core/Src/stm32f4xx_hal_msp.c: 2 warnings, 0 errors
compiling stm32f4xx_it.c...
../Core/Inc/ssd1306.h(179): warning:  #1295-D: Deprecated declaration ssd1306_GetDisplayOn - give arg types
  uint8_t ssd1306_GetDisplayOn();
../Core/Inc/ssd1306_tests.h(14): warning:  #1295-D: Deprecated declaration ssd1306_TestRectangleFill - give arg types
  void ssd1306_TestRectangleFill();
../Core/Src/stm32f4xx_it.c: 2 warnings, 0 errors
compiling ssd1306_fonts.c...
compiling ssd1306.c...
../Core/Inc/ssd1306.h(179): warning:  #1295-D: Deprecated declaration ssd1306_GetDisplayOn - give arg types
  uint8_t ssd1306_GetDisplayOn();
..\Core\Src\ssd1306.c(322): warning:  #1035-D: single-precision operand implicitly converted to double-precision
      return par_deg * 3.14 / 180.0;
..\Core\Src\ssd1306.c: 2 warnings, 0 errors
compiling ssd1306_tests.c...
../Core/Inc/ssd1306.h(179): warning:  #1295-D: Deprecated declaration ssd1306_GetDisplayOn - give arg types
  uint8_t ssd1306_GetDisplayOn();
../Core/Inc/ssd1306_tests.h(14): warning:  #1295-D: Deprecated declaration ssd1306_TestRectangleFill - give arg types
  void ssd1306_TestRectangleFill();
..\Core\Src\ssd1306_tests.c: 2 warnings, 0 errors
compiling usb_device.c...
../Core/Inc/ssd1306.h(179): warning:  #1295-D: Deprecated declaration ssd1306_GetDisplayOn - give arg types
  uint8_t ssd1306_GetDisplayOn();
../Core/Inc/ssd1306_tests.h(14): warning:  #1295-D: Deprecated declaration ssd1306_TestRectangleFill - give arg types
  void ssd1306_TestRectangleFill();
../USB_DEVICE/App/usb_device.c: 2 warnings, 0 errors
compiling usbd_custom_hid_if.c...
../Core/Inc/ssd1306.h(179): warning:  #1295-D: Deprecated declaration ssd1306_GetDisplayOn - give arg types
  uint8_t ssd1306_GetDisplayOn();
../Core/Inc/ssd1306_tests.h(14): warning:  #1295-D: Deprecated declaration ssd1306_TestRectangleFill - give arg types
  void ssd1306_TestRectangleFill();
../USB_DEVICE/App/usbd_custom_hid_if.c: 2 warnings, 0 errors
compiling usbd_desc.c...
../Core/Inc/ssd1306.h(179): warning:  #1295-D: Deprecated declaration ssd1306_GetDisplayOn - give arg types
  uint8_t ssd1306_GetDisplayOn();
../Core/Inc/ssd1306_tests.h(14): warning:  #1295-D: Deprecated declaration ssd1306_TestRectangleFill - give arg types
  void ssd1306_TestRectangleFill();
../USB_DEVICE/App/usbd_desc.c: 2 warnings, 0 errors
compiling usbd_conf.c...
../Core/Inc/ssd1306.h(179): warning:  #1295-D: Deprecated declaration ssd1306_GetDisplayOn - give arg types
  uint8_t ssd1306_GetDisplayOn();
../Core/Inc/ssd1306_tests.h(14): warning:  #1295-D: Deprecated declaration ssd1306_TestRectangleFill - give arg types
  void ssd1306_TestRectangleFill();
../USB_DEVICE/Target/usbd_conf.c: 2 warnings, 0 errors
compiling stm32f4xx_hal_pcd.c...
compiling stm32f4xx_hal_pcd_ex.c...
compiling stm32f4xx_ll_usb.c...
compiling stm32f4xx_hal_rcc.c...
compiling stm32f4xx_hal_flash.c...
compiling stm32f4xx_hal_rcc_ex.c...
compiling stm32f4xx_hal_flash_ramfunc.c...
compiling stm32f4xx_hal_flash_ex.c...
compiling stm32f4xx_hal_gpio.c...
compiling stm32f4xx_hal_pwr.c...
compiling stm32f4xx_hal_dma.c...
compiling stm32f4xx_hal_dma_ex.c...
compiling stm32f4xx_hal_cortex.c...
compiling stm32f4xx_hal_pwr_ex.c...
compiling stm32f4xx_hal.c...
compiling stm32f4xx_hal_exti.c...
compiling stm32f4xx_hal_i2c.c...
compiling stm32f4xx_hal_i2c_ex.c...
compiling stm32f4xx_hal_tim.c...
compiling stm32f4xx_hal_tim_ex.c...
compiling system_stm32f4xx.c...
compiling usbd_ctlreq.c...
../Core/Inc/ssd1306.h(179): warning:  #1295-D: Deprecated declaration ssd1306_GetDisplayOn - give arg types
  uint8_t ssd1306_GetDisplayOn();
../Core/Inc/ssd1306_tests.h(14): warning:  #1295-D: Deprecated declaration ssd1306_TestRectangleFill - give arg types
  void ssd1306_TestRectangleFill();
../Middlewares/ST/STM32_USB_Device_Library/Core/Src/usbd_ctlreq.c: 2 warnings, 0 errors
compiling usbd_core.c...
../Core/Inc/ssd1306.h(179): warning:  #1295-D: Deprecated declaration ssd1306_GetDisplayOn - give arg types
  uint8_t ssd1306_GetDisplayOn();
../Core/Inc/ssd1306_tests.h(14): warning:  #1295-D: Deprecated declaration ssd1306_TestRectangleFill - give arg types
  void ssd1306_TestRectangleFill();
../Middlewares/ST/STM32_USB_Device_Library/Core/Src/usbd_core.c: 2 warnings, 0 errors
compiling usbd_ioreq.c...
../Core/Inc/ssd1306.h(179): warning:  #1295-D: Deprecated declaration ssd1306_GetDisplayOn - give arg types
  uint8_t ssd1306_GetDisplayOn();
../Core/Inc/ssd1306_tests.h(14): warning:  #1295-D: Deprecated declaration ssd1306_TestRectangleFill - give arg types
  void ssd1306_TestRectangleFill();
../Middlewares/ST/STM32_USB_Device_Library/Core/Src/usbd_ioreq.c: 2 warnings, 0 errors
compiling usbd_customhid.c...
../Core/Inc/ssd1306.h(179): warning:  #1295-D: Deprecated declaration ssd1306_GetDisplayOn - give arg types
  uint8_t ssd1306_GetDisplayOn();
../Core/Inc/ssd1306_tests.h(14): warning:  #1295-D: Deprecated declaration ssd1306_TestRectangleFill - give arg types
  void ssd1306_TestRectangleFill();
../Middlewares/ST/STM32_USB_Device_Library/Class/CustomHID/Src/usbd_customhid.c: 2 warnings, 0 errors
linking...
Program Size: Code=22408 RO-data=2632 RW-data=400 ZI-data=4880  
FromELF: creating hex file...
After Build - User command #1: fromelf.exe --bin --output .\Listings\AYK_KEYBOARD.bin AYK_KEYBOARD\AYK_KEYBOARD.axf
"AYK_KEYBOARD\AYK_KEYBOARD.axf" - 0 Error(s), 27 Warning(s).

<h2>Software Packages used:</h2>

Package Vendor: ARM
                http://www.keil.com/pack/ARM.CMSIS.5.7.0.pack
                ARM.CMSIS.5.7.0
                CMSIS (Cortex Microcontroller Software Interface Standard)
   * Component: CORE Version: 5.4.0

Package Vendor: Keil
                https://www.keil.com/pack/Keil.STM32F4xx_DFP.2.17.1.pack
                Keil.STM32F4xx_DFP.2.17.1
                STMicroelectronics STM32F4 Series Device Support, Drivers and Examples

<h2>Collection of Component include folders:</h2>
  .\RTE\_AYK_KEYBOARD
  C:\Users\Talaver\AppData\Local\Arm\Packs\ARM\CMSIS\5.7.0\CMSIS\Core\Include
  C:\Users\Talaver\AppData\Local\Arm\Packs\Keil\STM32F4xx_DFP\2.17.1\Drivers\CMSIS\Device\ST\STM32F4xx\Include

<h2>Collection of Component Files used:</h2>

   * Component: ARM::CMSIS:CORE:5.4.0
      Include file:  CMSIS\Core\Include\tz_context.h
Build Time Elapsed:  00:00:51
</pre>
</body>
</html>
