Component: ARM Compiler 5.06 update 7 (build 960) Tool: armlink [4d3601]

==============================================================================

Section Cross References

    startup_stm32f401xc.o(STACK) refers (Special) to heapauxi.o(.text) for __use_two_region_memory
    startup_stm32f401xc.o(HEAP) refers (Special) to heapauxi.o(.text) for __use_two_region_memory
    startup_stm32f401xc.o(RESET) refers (Special) to heapauxi.o(.text) for __use_two_region_memory
    startup_stm32f401xc.o(RESET) refers to startup_stm32f401xc.o(STACK) for __initial_sp
    startup_stm32f401xc.o(RESET) refers to startup_stm32f401xc.o(.text) for Reset_Handler
    startup_stm32f401xc.o(RESET) refers to stm32f4xx_it.o(i.NMI_Handler) for NMI_Handler
    startup_stm32f401xc.o(RESET) refers to stm32f4xx_it.o(i.HardFault_Handler) for HardFault_Handler
    startup_stm32f401xc.o(RESET) refers to stm32f4xx_it.o(i.MemManage_Handler) for MemManage_Handler
    startup_stm32f401xc.o(RESET) refers to stm32f4xx_it.o(i.BusFault_Handler) for BusFault_Handler
    startup_stm32f401xc.o(RESET) refers to stm32f4xx_it.o(i.UsageFault_Handler) for UsageFault_Handler
    startup_stm32f401xc.o(RESET) refers to stm32f4xx_it.o(i.SVC_Handler) for SVC_Handler
    startup_stm32f401xc.o(RESET) refers to stm32f4xx_it.o(i.DebugMon_Handler) for DebugMon_Handler
    startup_stm32f401xc.o(RESET) refers to stm32f4xx_it.o(i.PendSV_Handler) for PendSV_Handler
    startup_stm32f401xc.o(RESET) refers to stm32f4xx_it.o(i.SysTick_Handler) for SysTick_Handler
    startup_stm32f401xc.o(RESET) refers to stm32f4xx_it.o(i.OTG_FS_IRQHandler) for OTG_FS_IRQHandler
    startup_stm32f401xc.o(.text) refers (Special) to heapauxi.o(.text) for __use_two_region_memory
    startup_stm32f401xc.o(.text) refers to system_stm32f4xx.o(i.SystemInit) for SystemInit
    startup_stm32f401xc.o(.text) refers to __main.o(!!!main) for __main
    startup_stm32f401xc.o(.text) refers to startup_stm32f401xc.o(HEAP) for Heap_Mem
    startup_stm32f401xc.o(.text) refers to startup_stm32f401xc.o(STACK) for Stack_Mem
    main.o(i.ClearKey) refers to main.o(.data) for keyboardhid
    main.o(i.FnKey) refers to stm32f4xx_hal_gpio.o(i.HAL_GPIO_WritePin) for HAL_GPIO_WritePin
    main.o(i.FnKey) refers to main.o(.data) for keyboardhid
    main.o(i.FnKey) refers to main.o(.constdata) for KeyFn
    main.o(i.MX_GPIO_Init) refers to rt_memclr_w.o(.text) for __aeabi_memclr4
    main.o(i.MX_GPIO_Init) refers to stm32f4xx_hal_gpio.o(i.HAL_GPIO_WritePin) for HAL_GPIO_WritePin
    main.o(i.MX_GPIO_Init) refers to stm32f4xx_hal_gpio.o(i.HAL_GPIO_Init) for HAL_GPIO_Init
    main.o(i.MX_I2C1_Init) refers to stm32f4xx_hal_i2c.o(i.HAL_I2C_Init) for HAL_I2C_Init
    main.o(i.MX_I2C1_Init) refers to main.o(i.Error_Handler) for Error_Handler
    main.o(i.MX_I2C1_Init) refers to main.o(.bss) for hi2c1
    main.o(i.MX_I2C3_Init) refers to stm32f4xx_hal_i2c.o(i.HAL_I2C_Init) for HAL_I2C_Init
    main.o(i.MX_I2C3_Init) refers to main.o(i.Error_Handler) for Error_Handler
    main.o(i.MX_I2C3_Init) refers to main.o(.bss) for hi2c3
    main.o(i.RowKey) refers to main.o(.data) for keyboardhid
    main.o(i.RowKey) refers to main.o(.constdata) for KeyArray
    main.o(i.SystemClock_Config) refers to rt_memclr_w.o(.text) for __aeabi_memclr4
    main.o(i.SystemClock_Config) refers to stm32f4xx_hal_rcc.o(i.HAL_RCC_OscConfig) for HAL_RCC_OscConfig
    main.o(i.SystemClock_Config) refers to main.o(i.Error_Handler) for Error_Handler
    main.o(i.SystemClock_Config) refers to stm32f4xx_hal_rcc.o(i.HAL_RCC_ClockConfig) for HAL_RCC_ClockConfig
    main.o(i.main) refers to stm32f4xx_hal.o(i.HAL_Init) for HAL_Init
    main.o(i.main) refers to main.o(i.SystemClock_Config) for SystemClock_Config
    main.o(i.main) refers to main.o(i.MX_GPIO_Init) for MX_GPIO_Init
    main.o(i.main) refers to usb_device.o(i.MX_USB_DEVICE_Init) for MX_USB_DEVICE_Init
    main.o(i.main) refers to main.o(i.MX_I2C1_Init) for MX_I2C1_Init
    main.o(i.main) refers to main.o(i.MX_I2C3_Init) for MX_I2C3_Init
    main.o(i.main) refers to ssd1306.o(i.ssd1306_Init) for ssd1306_Init
    main.o(i.main) refers to main.o(i.ClearKey) for ClearKey
    main.o(i.main) refers to main.o(i.RowKey) for RowKey
    main.o(i.main) refers to main.o(i.FnKey) for FnKey
    main.o(i.main) refers to usbd_customhid.o(i.USBD_CUSTOM_HID_SendReport) for USBD_CUSTOM_HID_SendReport
    main.o(i.main) refers to ssd1306.o(i.ssd1306_Fill) for ssd1306_Fill
    main.o(i.main) refers to ssd1306.o(i.ssd1306_DrawBitmap) for ssd1306_DrawBitmap
    main.o(i.main) refers to ssd1306.o(i.ssd1306_UpdateScreen) for ssd1306_UpdateScreen
    main.o(i.main) refers to main.o(.data) for keyboardhid
    main.o(i.main) refers to usb_device.o(.bss) for hUsbDeviceFS
    main.o(.data) refers to main.o(.constdata) for epd_bitmap_frame_0_delay_0
    stm32f4xx_it.o(i.OTG_FS_IRQHandler) refers to stm32f4xx_hal_pcd.o(i.HAL_PCD_IRQHandler) for HAL_PCD_IRQHandler
[...]
    USBD_CUSTOM_HID_GetFSCfgDesc             0x08012e85   Thumb Code    52  usbd_customhid.o(i.USBD_CUSTOM_HID_GetFSCfgDesc)
    i.USBD_CUSTOM_HID_GetHSCfgDesc           0x08012ebc   Section        0  usbd_customhid.o(i.USBD_CUSTOM_HID_GetHSCfgDesc)
    USBD_CUSTOM_HID_GetHSCfgDesc             0x08012ebd   Thumb Code    52  usbd_customhid.o(i.USBD_CUSTOM_HID_GetHSCfgDesc)
    i.USBD_CUSTOM_HID_GetOtherSpeedCfgDesc   0x08012ef4   Section        0  usbd_customhid.o(i.USBD_CUSTOM_HID_GetOtherSpeedCfgDesc)
    USBD_CUSTOM_HID_GetOtherSpeedCfgDesc     0x08012ef5   Thumb Code    52  usbd_customhid.o(i.USBD_CUSTOM_HID_GetOtherSpeedCfgDesc)
    i.USBD_CUSTOM_HID_Init                   0x08012f2c   Section        0  usbd_customhid.o(i.USBD_CUSTOM_HID_Init)
    USBD_CUSTOM_HID_Init                     0x08012f2d   Thumb Code   270  usbd_customhid.o(i.USBD_CUSTOM_HID_Init)
    i.USBD_CUSTOM_HID_ReceivePacket          0x08013044   Section        0  usbd_customhid.o(i.USBD_CUSTOM_HID_ReceivePacket)
    i.USBD_CUSTOM_HID_RegisterInterface      0x0801307c   Section        0  usbd_customhid.o(i.USBD_CUSTOM_HID_RegisterInterface)
    i.USBD_CUSTOM_HID_SendReport             0x08013094   Section        0  usbd_customhid.o(i.USBD_CUSTOM_HID_SendReport)
    i.USBD_CUSTOM_HID_Setup                  0x080130ec   Section        0  usbd_customhid.o(i.USBD_CUSTOM_HID_Setup)
    USBD_CUSTOM_HID_Setup                    0x080130ed   Thumb Code   408  usbd_customhid.o(i.USBD_CUSTOM_HID_Setup)
    i.USBD_ClrClassConfig                    0x08013288   Section        0  usbd_core.o(i.USBD_ClrClassConfig)
    i.USBD_ClrFeature                        0x080132a4   Section        0  usbd_ctlreq.o(i.USBD_ClrFeature)
    USBD_ClrFeature                          0x080132a5   Thumb Code    62  usbd_ctlreq.o(i.USBD_ClrFeature)
    i.USBD_CoreFindEP                        0x080132e2   Section        0  usbd_core.o(i.USBD_CoreFindEP)
    i.USBD_CoreFindIF                        0x080132e8   Section        0  usbd_core.o(i.USBD_CoreFindIF)
    i.USBD_CtlContinueRx                     0x080132ee   Section        0  usbd_ioreq.o(i.USBD_CtlContinueRx)
    i.USBD_CtlContinueSendData               0x08013306   Section        0  usbd_ioreq.o(i.USBD_CtlContinueSendData)
    i.USBD_CtlError                          0x0801331e   Section        0  usbd_ctlreq.o(i.USBD_CtlError)
    i.USBD_CtlPrepareRx                      0x08013336   Section        0  usbd_ioreq.o(i.USBD_CtlPrepareRx)
    i.USBD_CtlReceiveStatus                  0x0801335e   Section        0  usbd_ioreq.o(i.USBD_CtlReceiveStatus)
    i.USBD_CtlSendData                       0x08013378   Section        0  usbd_ioreq.o(i.USBD_CtlSendData)
    i.USBD_CtlSendStatus                     0x0801339a   Section        0  usbd_ioreq.o(i.USBD_CtlSendStatus)
    i.USBD_FS_ConfigStrDescriptor            0x080133b4   Section        0  usbd_desc.o(i.USBD_FS_ConfigStrDescriptor)
    i.USBD_FS_DeviceDescriptor               0x080133f0   Section        0  usbd_desc.o(i.USBD_FS_DeviceDescriptor)
    i.USBD_FS_InterfaceStrDescriptor         0x08013400   Section        0  usbd_desc.o(i.USBD_FS_InterfaceStrDescriptor)
    i.USBD_FS_LangIDStrDescriptor            0x08013440   Section        0  usbd_desc.o(i.USBD_FS_LangIDStrDescriptor)
    i.USBD_FS_ManufacturerStrDescriptor      0x08013450   Section        0  usbd_desc.o(i.USBD_FS_ManufacturerStrDescriptor)
    i.USBD_FS_ProductStrDescriptor           0x0801346c   Section        0  usbd_desc.o(i.USBD_FS_ProductStrDescriptor)
    i.USBD_FS_SerialStrDescriptor            0x080134a4   Section        0  usbd_desc.o(i.USBD_FS_SerialStrDescriptor)
    i.USBD_GetConfig                         0x080134bc   Section        0  usbd_ctlreq.o(i.USBD_GetConfig)
    USBD_GetConfig                           0x080134bd   Thumb Code    86  usbd_ctlreq.o(i.USBD_GetConfig)
    i.USBD_GetDescriptor                     0x08013512   Section        0  usbd_ctlreq.o(i.USBD_GetDescriptor)
    USBD_GetDescriptor                       0x08013513   Thumb Code   508  usbd_ctlreq.o(i.USBD_GetDescriptor)
    i.USBD_GetEpDesc                         0x0801370e   Section        0  usbd_core.o(i.USBD_GetEpDesc)
    i.USBD_GetLen                            0x0801375e   Section        0  usbd_ctlreq.o(i.USBD_GetLen)
    USBD_GetLen                              0x0801375f   Thumb Code    22  usbd_ctlreq.o(i.USBD_GetLen)
    i.USBD_GetNextDesc                       0x08013774   Section        0  usbd_core.o(i.USBD_GetNextDesc)
    i.USBD_GetStatus                         0x08013788   Section        0  usbd_ctlreq.o(i.USBD_GetStatus)
    USBD_GetStatus                           0x08013789   Thumb Code    90  usbd_ctlreq.o(i.USBD_GetStatus)
    i.USBD_GetString                         0x080137e2   Section        0  usbd_ctlreq.o(i.USBD_GetString)
    i.USBD_Get_USB_Status                    0x08013836   Section        0  usbd_conf.o(i.USBD_Get_USB_Status)
    i.USBD_Init                              0x08013862   Section        0  usbd_core.o(i.USBD_Init)
    i.USBD_LL_ClearStallEP                   0x0801389c   Section        0  usbd_conf.o(i.USBD_LL_ClearStallEP)
    i.USBD_LL_CloseEP                        0x080138c2   Section        0  usbd_conf.o(i.USBD_LL_CloseEP)
    i.USBD_LL_DataInStage                    0x080138e8   Section        0  usbd_core.o(i.USBD_LL_DataInStage)
    i.USBD_LL_DataOutStage                   0x080139f0   Section        0  usbd_core.o(i.USBD_LL_DataOutStage)
    i.USBD_LL_DevConnected                   0x08013af2   Section        0  usbd_core.o(i.USBD_LL_DevConnected)
    i.USBD_LL_DevDisconnected                0x08013af8   Section        0  usbd_core.o(i.USBD_LL_DevDisconnected)
    i.USBD_LL_Init                           0x08013b20   Section        0  usbd_conf.o(i.USBD_LL_Init)
    i.USBD_LL_IsStallEP                      0x08013b88   Section        0  usbd_conf.o(i.USBD_LL_IsStallEP)
    i.USBD_LL_IsoINIncomplete                0x08013bc0   Section        0  usbd_core.o(i.USBD_LL_IsoINIncomplete)
    i.USBD_LL_IsoOUTIncomplete               0x08013c08   Section        0  usbd_core.o(i.USBD_LL_IsoOUTIncomplete)
    i.USBD_LL_OpenEP                         0x08013c50   Section        0  usbd_conf.o(i.USBD_LL_OpenEP)
    i.USBD_LL_PrepareReceive                 0x08013c80   Section        0  usbd_conf.o(i.USBD_LL_PrepareReceive)
    i.USBD_LL_Reset                          0x08013cb0   Section        0  usbd_core.o(i.USBD_LL_Reset)
    i.USBD_LL_Resume                         0x08013d1c   Section        0  usbd_core.o(i.USBD_LL_Resume)
    i.USBD_LL_SOF                            0x08013d32   Section        0  usbd_core.o(i.USBD_LL_SOF)
    i.USBD_LL_SetSpeed                       0x08013d5a   Section        0  usbd_core.o(i.USBD_LL_SetSpeed)
    i.USBD_LL_SetUSBAddress                  0x08013d62   Section        0  usbd_conf.o(i.USBD_LL_SetUSBAddress)
    i.USBD_LL_SetupStage                     0x08013d88   Section        0  usbd_core.o(i.USBD_LL_SetupStage)
    i.USBD_LL_StallEP                        0x08013dfe   Section        0  usbd_conf.o(i.USBD_LL_StallEP)
    i.USBD_LL_Start                          0x08013e24   Section        0  usbd_conf.o(i.USBD_LL_Start)
    i.USBD_LL_Suspend                        0x08013e42   Section        0  usbd_core.o(i.USBD_LL_Suspend)
    i.USBD_LL_Transmit                       0x08013e56   Section        0  usbd_conf.o(i.USBD_LL_Transmit)
    i.USBD_ParseSetupRequest                 0x08013e86   Section        0  usbd_ctlreq.o(i.USBD_ParseSetupRequest)
    i.USBD_RegisterClass                     0x08013ebc   Section        0  usbd_core.o(i.USBD_RegisterClass)
    i.USBD_RunTestMode                       0x08013f04   Section        0  usbd_core.o(i.USBD_RunTestMode)
    i.USBD_SetAddress                        0x08013f0a   Section        0  usbd_ctlreq.o(i.USBD_SetAddress)
    USBD_SetAddress                          0x08013f0b   Thumb Code    90  usbd_ctlreq.o(i.USBD_SetAddress)
    i.USBD_SetClassConfig                    0x08013f64   Section        0  usbd_core.o(i.USBD_SetClassConfig)
    i.USBD_SetConfig                         0x08013f84   Section        0  usbd_ctlreq.o(i.USBD_SetConfig)
    USBD_SetConfig                           0x08013f85   Thumb Code   254  usbd_ctlreq.o(i.USBD_SetConfig)
    i.USBD_SetFeature                        0x08014088   Section        0  usbd_ctlreq.o(i.USBD_SetFeature)
    USBD_SetFeature                          0x08014089   Thumb Code    56  usbd_ctlreq.o(i.USBD_SetFeature)
    i.USBD_Start                             0x080140c0   Section        0  usbd_core.o(i.USBD_Start)
    i.USBD_StdDevReq                         0x080140cc   Section        0  usbd_ctlreq.o(i.USBD_StdDevReq)
    i.USBD_StdEPReq                          0x0801417a   Section        0  usbd_ctlreq.o(i.USBD_StdEPReq)
    i.USBD_StdItfReq                         0x080143fa   Section        0  usbd_ctlreq.o(i.USBD_StdItfReq)
    i.USBD_static_free                       0x080144a8   Section        0  usbd_conf.o(i.USBD_static_free)
    i.USBD_static_malloc                     0x080144ac   Section        0  usbd_conf.o(i.USBD_static_malloc)
    i.USB_ActivateEndpoint                   0x080144b8   Section        0  stm32f4xx_ll_usb.o(i.USB_ActivateEndpoint)
    i.USB_ActivateSetup                      0x08014588   Section        0  stm32f4xx_ll_usb.o(i.USB_ActivateSetup)
    i.USB_CoreInit                           0x080145b0   Section        0  stm32f4xx_ll_usb.o(i.USB_CoreInit)
    i.USB_CoreReset                          0x08014634   Section        0  stm32f4xx_ll_usb.o(i.USB_CoreReset)
    USB_CoreReset                            0x08014635   Thumb Code    84  stm32f4xx_ll_usb.o(i.USB_CoreReset)
    i.USB_DeactivateEndpoint                 0x0801468c   Section        0  stm32f4xx_ll_usb.o(i.USB_DeactivateEndpoint)
    i.USB_DevConnect                         0x080147d8   Section        0  stm32f4xx_ll_usb.o(i.USB_DevConnect)
    i.USB_DevDisconnect                      0x080147fc   Section        0  stm32f4xx_ll_usb.o(i.USB_DevDisconnect)
    i.USB_DevInit                            0x08014820   Section        0  stm32f4xx_ll_usb.o(i.USB_DevInit)
    i.USB_DisableGlobalInt                   0x08014a00   Section        0  stm32f4xx_ll_usb.o(i.USB_DisableGlobalInt)
    i.USB_EP0StartXfer                       0x08014a10   Section        0  stm32f4xx_ll_usb.o(i.USB_EP0StartXfer)
    i.USB_EP0_OutStart                       0x08014bec   Section        0  stm32f4xx_ll_usb.o(i.USB_EP0_OutStart)
    i.USB_EPClearStall                       0x08014c5c   Section        0  stm32f4xx_ll_usb.o(i.USB_EPClearStall)
    i.USB_EPSetStall                         0x08014cea   Section        0  stm32f4xx_ll_usb.o(i.USB_EPSetStall)
    i.USB_EPStartXfer                        0x08014d84   Section        0  stm32f4xx_ll_usb.o(i.USB_EPStartXfer)
    i.USB_EPStopXfer                         0x080150cc   Section        0  stm32f4xx_ll_usb.o(i.USB_EPStopXfer)
    i.USB_EnableGlobalInt                    0x080151b8   Section        0  stm32f4xx_ll_usb.o(i.USB_EnableGlobalInt)
    i.USB_FlushRxFifo                        0x080151c8   Section        0  stm32f4xx_ll_usb.o(i.USB_FlushRxFifo)
    i.USB_FlushTxFifo                        0x0801521c   Section        0  stm32f4xx_ll_usb.o(i.USB_FlushTxFifo)
    i.USB_GetDevSpeed                        0x08015274   Section        0  stm32f4xx_ll_usb.o(i.USB_GetDevSpeed)
    i.USB_GetMode                            0x0801529a   Section        0  stm32f4xx_ll_usb.o(i.USB_GetMode)
    i.USB_ReadDevAllInEpInterrupt            0x080152a4   Section        0  stm32f4xx_ll_usb.o(i.USB_ReadDevAllInEpInterrupt)
    i.USB_ReadDevAllOutEpInterrupt           0x080152b8   Section        0  stm32f4xx_ll_usb.o(i.USB_ReadDevAllOutEpInterrupt)
    i.USB_ReadDevInEPInterrupt               0x080152cc   Section        0  stm32f4xx_ll_usb.o(i.USB_ReadDevInEPInterrupt)
    i.USB_ReadDevOutEPInterrupt              0x080152fe   Section        0  stm32f4xx_ll_usb.o(i.USB_ReadDevOutEPInterrupt)
    i.USB_ReadInterrupts                     0x08015318   Section        0  stm32f4xx_ll_usb.o(i.USB_ReadInterrupts)
    i.USB_ReadPacket                         0x08015322   Section        0  stm32f4xx_ll_usb.o(i.USB_ReadPacket)
    i.USB_SetCurrentMode                     0x08015382   Section        0  stm32f4xx_ll_usb.o(i.USB_SetCurrentMode)
    i.USB_SetDevAddress                      0x080153ea   Section        0  stm32f4xx_ll_usb.o(i.USB_SetDevAddress)
    i.USB_SetDevSpeed                        0x08015414   Section        0  stm32f4xx_ll_usb.o(i.USB_SetDevSpeed)
    i.USB_SetTurnaroundTime                  0x08015428   Section        0  stm32f4xx_ll_usb.o(i.USB_SetTurnaroundTime)
    i.USB_WritePacket                        0x08015510   Section        0  stm32f4xx_ll_usb.o(i.USB_WritePacket)
    i.UsageFault_Handler                     0x08015554   Section        0  stm32f4xx_it.o(i.UsageFault_Handler)
    i.__NVIC_GetPriorityGrouping             0x08015558   Section        0  stm32f4xx_hal_cortex.o(i.__NVIC_GetPriorityGrouping)
    __NVIC_GetPriorityGrouping               0x08015559   Thumb Code    10  stm32f4xx_hal_cortex.o(i.__NVIC_GetPriorityGrouping)
    i.__NVIC_SetPriority                     0x08015568   Section        0  stm32f4xx_hal_cortex.o(i.__NVIC_SetPriority)
    __NVIC_SetPriority                       0x08015569   Thumb Code    32  stm32f4xx_hal_cortex.o(i.__NVIC_SetPriority)
    i.main                                   0x08015590   Section        0  main.o(i.main)
    i.ssd1306_DrawBitmap                     0x0801564c   Section        0  ssd1306.o(i.ssd1306_DrawBitmap)
    i.ssd1306_DrawPixel                      0x080156d8   Section        0  ssd1306.o(i.ssd1306_DrawPixel)
    i.ssd1306_Fill                           0x08015764   Section        0  ssd1306.o(i.ssd1306_Fill)
    i.ssd1306_Init                           0x08015784   Section        0  ssd1306.o(i.ssd1306_Init)
    i.ssd1306_Reset                          0x08015850   Section        0  ssd1306.o(i.ssd1306_Reset)
    i.ssd1306_SetContrast                    0x08015852   Section        0  ssd1306.o(i.ssd1306_SetContrast)
    i.ssd1306_SetDisplayOn                   0x08015868   Section        0  ssd1306.o(i.ssd1306_SetDisplayOn)
    i.ssd1306_UpdateScreen                   0x0801588c   Section        0  ssd1306.o(i.ssd1306_UpdateScreen)
    i.ssd1306_WriteCommand                   0x080158c4   Section        0  ssd1306.o(i.ssd1306_WriteCommand)
    i.ssd1306_WriteData                      0x080158ec   Section        0  ssd1306.o(i.ssd1306_WriteData)
    x$fpl$fpinit                             0x08015910   Section       10  fpinit.o(x$fpl$fpinit)
    $v0                                      0x08015910   Number         0  fpinit.o(x$fpl$fpinit)
    .constdata                               0x0801591c   Section     2172  main.o(.constdata)
    .constdata                               0x08016198   Section       24  system_stm32f4xx.o(.constdata)
    .data                                    0x20000000   Section       49  main.o(.data)
    .data                                    0x20000032   Section        6  ssd1306.o(.data)
    SSD1306                                  0x20000032   Data           6  ssd1306.o(.data)
    .data                                    0x20000038   Section       78  usbd_desc.o(.data)
    .data                                    0x20000088   Section      120  usbd_custom_hid_if.o(.data)
    CUSTOM_HID_ReportDesc_FS                 0x20000088   Data         102  usbd_custom_hid_if.o(.data)
    .data                                    0x20000100   Section        9  stm32f4xx_hal.o(.data)
    .data                                    0x2000010c   Section        4  system_stm32f4xx.o(.data)
    .data                                    0x20000110   Section        1  usbd_ctlreq.o(.data)
    cfgidx                                   0x20000110   Data           1  usbd_ctlreq.o(.data)
    .data                                    0x20000114   Section      124  usbd_customhid.o(.data)
    USBD_CUSTOM_HID_CfgDesc                  0x2000014c   Data          41  usbd_customhid.o(.data)
    USBD_CUSTOM_HID_Desc                     0x20000178   Data           9  usbd_customhid.o(.data)
    USBD_CUSTOM_HID_DeviceQualifierDesc      0x20000184   Data          10  usbd_customhid.o(.data)
    CUSTOMHIDInEpAdd                         0x2000018e   Data           1  usbd_customhid.o(.data)
    CUSTOMHIDOutEpAdd                        0x2000018f   Data           1  usbd_customhid.o(.data)
    .bss                                     0x20000190   Section      168  main.o(.bss)
    .bss                                     0x20000238   Section      512  ssd1306.o(.bss)
    SSD1306_Buffer                           0x20000238   Data         512  ssd1306.o(.bss)
    .bss                                     0x20000438   Section      732  usb_device.o(.bss)
    .bss                                     0x20000714   Section      512  usbd_desc.o(.bss)
    .bss                                     0x20000914   Section     1320  usbd_conf.o(.bss)
    mem                                      0x20000e20   Data          28  usbd_conf.o(.bss)
    .bss                                     0x20000e3c   Section       96  libspace.o(.bss)
    HEAP                                     0x20000ea0   Section      512  startup_stm32f401xc.o(HEAP)
    Heap_Mem                                 0x20000ea0   Data         512  startup_stm32f401xc.o(HEAP)
    STACK                                    0x200010a0   Section     1024  startup_stm32f401xc.o(STACK)
    Stack_Mem                                0x200010a0   Data        1024  startup_stm32f401xc.o(STACK)
    __initial_sp                             0x200014a0   Data           0  startup_stm32f401xc.o(STACK)

    Global Symbols

    Symbol Name                              Value     Ov Type        Size  Object(Section)

    BuildAttributes$$THM_ISAv4$E$P$D$K$B$S$7EM$VFPi3$EXTD16$VFPS$VFMA$PE$A:L22UL41UL21$X:L11$S22US41US21$IEEE1$IW$USESV6$~STKCKD$USESV7$~SHL$OTIME$ROPI$IEEEX$EBA8$UX$STANDARDLIB$REQ8$PRES8$EABIv2 0x00000000   Number         0  anon$$obj.o ABSOLUTE
    __ARM_use_no_argv                        0x00000000   Number         0  main.o ABSOLUTE
    __ARM_exceptions_init                     - Undefined Weak Reference
    __alloca_initialize                       - Undefined Weak Reference
    __arm_fini_                               - Undefined Weak Reference
    __arm_preinit_                            - Undefined Weak Reference
    __cpp_initialize__aeabi_                  - Undefined Weak Reference
    __cxa_finalize                            - Undefined Weak Reference
    __rt_locale                               - Undefined Weak Reference
    __sigvec_lookup                           - Undefined Weak Reference
    _atexit_init                              - Undefined Weak Reference
    _call_atexit_fns                          - Undefined Weak Reference
    _clock_init                               - Undefined Weak Reference
    _fp_trap_init                             - Undefined Weak Reference
    _fp_trap_shutdown                         - Undefined Weak Reference
    _get_lc_collate                           - Undefined Weak Reference
    _get_lc_ctype                             - Undefined Weak Reference
    _get_lc_monetary                          - Undefined Weak Reference
    _get_lc_numeric                           - Undefined Weak Reference
    _get_lc_time                              - Undefined Weak Reference
    _getenv_init                              - Undefined Weak Reference
    _handle_redirection                       - Undefined Weak Reference
    _init_alloc                               - Undefined Weak Reference
    _init_user_alloc                          - Undefined Weak Reference
    _initio                                   - Undefined Weak Reference
    _printf_post_padding                      - Undefined Weak Reference
    _printf_pre_padding                       - Undefined Weak Reference
    _printf_truncate_signed                   - Undefined Weak Reference
    _printf_truncate_unsigned                 - Undefined Weak Reference
    _rand_init                                - Undefined Weak Reference
    _signal_finish                            - Undefined Weak Reference
    _signal_init                              - Undefined Weak Reference
    _terminate_alloc                          - Undefined Weak Reference
    _terminate_user_alloc                     - Undefined Weak Reference
    _terminateio                              - Undefined Weak Reference
    __Vectors_Size                           0x00000194   Number         0  startup_stm32f401xc.o ABSOLUTE
    __Vectors                                0x08010000   Data           4  startup_stm32f401xc.o(RESET)
    __Vectors_End                            0x08010194   Data           0  startup_stm32f401xc.o(RESET)
    __main                                   0x08010195   Thumb Code     8  __main.o(!!!main)
    __scatterload                            0x0801019d   Thumb Code     0  __scatter.o(!!!scatter)
    __scatterload_rt2                        0x0801019d   Thumb Code    44  __scatter.o(!!!scatter)
    __scatterload_rt2_thumb_only             0x0801019d   Thumb Code     0  __scatter.o(!!!scatter)
    __scatterload_null                       0x080101ab   Thumb Code     0  __scatter.o(!!!scatter)
    __decompress                             0x080101d1   Thumb Code    90  __dczerorl2.o(!!dczerorl2)
    __decompress1                            0x080101d1   Thumb Code     0  __dczerorl2.o(!!dczerorl2)
    __scatterload_zeroinit                   0x0801022d   Thumb Code    28  __scatter_zi.o(!!handler_zi)
    __rt_lib_init                            0x08010249   Thumb Code     0  libinit.o(.ARM.Collect$$libinit$$00000000)
    __rt_lib_init_fp_1                       0x0801024b   Thumb Code     0  libinit2.o(.ARM.Collect$$libinit$$00000001)
    __rt_lib_init_alloca_1                   0x0801024f   Thumb Code     0  libinit2.o(.ARM.Collect$$libinit$$0000002E)
    __rt_lib_init_argv_1                     0x0801024f   Thumb Code     0  libinit2.o(.ARM.Collect$$libinit$$0000002C)
    __rt_lib_init_atexit_1                   0x0801024f   Thumb Code     0  libinit2.o(.ARM.Collect$$libinit$$0000001B)
    __rt_lib_init_clock_1                    0x0801024f   Thumb Code     0  libinit2.o(.ARM.Collect$$libinit$$00000021)
    __rt_lib_init_cpp_1                      0x0801024f   Thumb Code     0  libinit2.o(.ARM.Collect$$libinit$$00000032)
    __rt_lib_init_exceptions_1               0x0801024f   Thumb Code     0  libinit2.o(.ARM.Collect$$libinit$$00000030)
    __rt_lib_init_fp_trap_1                  0x0801024f   Thumb Code     0  libinit2.o(.ARM.Collect$$libinit$$0000001F)
    __rt_lib_init_getenv_1                   0x0801024f   Thumb Code     0  libinit2.o(.ARM.Collect$$libinit$$00000023)
    __rt_lib_init_heap_1                     0x0801024f   Thumb Code     0  libinit2.o(.ARM.Collect$$libinit$$0000000A)
    __rt_lib_init_lc_collate_1               0x0801024f   Thumb Code     0  libinit2.o(.ARM.Collect$$libinit$$00000011)
    __rt_lib_init_lc_ctype_1                 0x0801024f   Thumb Code     0  libinit2.o(.ARM.Collect$$libinit$$00000013)
    __rt_lib_init_lc_monetary_1              0x0801024f   Thumb Code     0  libinit2.o(.ARM.Collect$$libinit$$00000015)
    __rt_lib_init_lc_numeric_1               0x0801024f   Thumb Code     0  libinit2.o(.ARM.Collect$$libinit$$00000017)
    __rt_lib_init_lc_time_1                  0x0801024f   Thumb Code     0  libinit2.o(.ARM.Collect$$libinit$$00000019)
    __rt_lib_init_preinit_1                  0x0801024f   Thumb Code     0  libinit2.o(.ARM.Collect$$libinit$$00000004)
    __rt_lib_init_rand_1                     0x0801024f   Thumb Code     0  libinit2.o(.ARM.Collect$$libinit$$0000000E)
    __rt_lib_init_return                     0x0801024f   Thumb Code     0  libinit2.o(.ARM.Collect$$libinit$$00000033)
    __rt_lib_init_signal_1                   0x0801024f   Thumb Code     0  libinit2.o(.ARM.Collect$$libinit$$0000001D)
    __rt_lib_init_stdio_1                    0x0801024f   Thumb Code     0  libinit2.o(.ARM.Collect$$libinit$$00000025)
    __rt_lib_init_user_alloc_1               0x0801024f   Thumb Code     0  libinit2.o(.ARM.Collect$$libinit$$0000000C)
    __rt_lib_shutdown                        0x08010251   Thumb Code     0  libshutdown.o(.ARM.Collect$$libshutdown$$00000000)
    __rt_lib_shutdown_cpp_1                  0x08010253   Thumb Code     0  libshutdown2.o(.ARM.Collect$$libshutdown$$00000004)
    __rt_lib_shutdown_fini_1                 0x08010253   Thumb Code     0  libshutdown2.o(.ARM.Collect$$libshutdown$$00000002)
    __rt_lib_shutdown_fp_trap_1              0x08010253   Thumb Code     0  libshutdown2.o(.ARM.Collect$$libshutdown$$00000009)
    __rt_lib_shutdown_heap_1                 0x08010253   Thumb Code     0  libshutdown2.o(.ARM.Collect$$libshutdown$$00000011)
    __rt_lib_shutdown_return                 0x08010253   Thumb Code     0  libshutdown2.o(.ARM.Collect$$libshutdown$$00000012)
    __rt_lib_shutdown_signal_1               0x08010253   Thumb Code     0  libshutdown2.o(.ARM.Collect$$libshutdown$$0000000C)
    __rt_lib_shutdown_stdio_1                0x08010253   Thumb Code     0  libshutdown2.o(.ARM.Collect$$libshutdown$$00000006)
    __rt_lib_shutdown_user_alloc_1           0x08010253   Thumb Code     0  libshutdown2.o(.ARM.Collect$$libshutdown$$0000000E)
    __rt_entry                               0x08010255   Thumb Code     0  __rtentry.o(.ARM.Collect$$rtentry$$00000000)
    __rt_entry_presh_1                       0x08010255   Thumb Code     0  __rtentry2.o(.ARM.Collect$$rtentry$$00000002)
    __rt_entry_sh                            0x08010255   Thumb Code     0  __rtentry4.o(.ARM.Collect$$rtentry$$00000004)
    __rt_entry_li                            0x0801025b   Thumb Code     0  __rtentry2.o(.ARM.Collect$$rtentry$$0000000A)
    __rt_entry_postsh_1                      0x0801025b   Thumb Code     0  __rtentry2.o(.ARM.Collect$$rtentry$$00000009)
    __rt_entry_main                          0x0801025f   Thumb Code     0  __rtentry2.o(.ARM.Collect$$rtentry$$0000000D)
    __rt_entry_postli_1                      0x0801025f   Thumb Code     0  __rtentry2.o(.ARM.Collect$$rtentry$$0000000C)
    __rt_exit                                0x08010267   Thumb Code     0  rtexit.o(.ARM.Collect$$rtexit$$00000000)
    __rt_exit_ls                             0x08010269   Thumb Code     0  rtexit2.o(.ARM.Collect$$rtexit$$00000003)
    __rt_exit_prels_1                        0x08010269   Thumb Code     0  rtexit2.o(.ARM.Collect$$rtexit$$00000002)
    __rt_exit_exit                           0x0801026d   Thumb Code     0  rtexit2.o(.ARM.Collect$$rtexit$$00000004)
    Reset_Handler                            0x08010275   Thumb Code     8  startup_stm32f401xc.o(.text)
    ADC_IRQHandler                           0x0801028f   Thumb Code     0  startup_stm32f401xc.o(.text)
    DMA1_Stream0_IRQHandler                  0x0801028f   Thumb Code     0  startup_stm32f401xc.o(.text)
    DMA1_Stream1_IRQHandler                  0x0801028f   Thumb Code     0  startup_stm32f401xc.o(.text)
    DMA1_Stream2_IRQHandler                  0x0801028f   Thumb Code     0  startup_stm32f401xc.o(.text)
    DMA1_Stream3_IRQHandler                  0x0801028f   Thumb Code     0  startup_stm32f401xc.o(.text)
    DMA1_Stream4_IRQHandler                  0x0801028f   Thumb Code     0  startup_stm32f401xc.o(.text)
    DMA1_Stream5_IRQHandler                  0x0801028f   Thumb Code     0  startup_stm32f401xc.o(.text)
    DMA1_Stream6_IRQHandler                  0x0801028f   Thumb Code     0  startup_stm32f401xc.o(.text)
    DMA1_Stream7_IRQHandler                  0x0801028f   Thumb Code     0  startup_stm32f401xc.o(.text)
    DMA2_Stream0_IRQHandler                  0x0801028f   Thumb Code     0  startup_stm32f401xc.o(.text)
    DMA2_Stream1_IRQHandler                  0x0801028f   Thumb Code     0  startup_stm32f401xc.o(.text)
    DMA2_Stream2_IRQHandler                  0x0801028f   Thumb Code     0  startup_stm32f401xc.o(.text)
    DMA2_Stream3_IRQHandler                  0x0801028f   Thumb Code     0  startup_stm32f401xc.o(.text)
    DMA2_Stream4_IRQHandler                  0x0801028f   Thumb Code     0  startup_stm32f401xc.o(.text)
    DMA2_Stream5_IRQHandler                  0x0801028f   Thumb Code     0  startup_stm32f401xc.o(.text)
    DMA2_Stream6_IRQHandler                  0x0801028f   Thumb Code     0  startup_stm32f401xc.o(.text)
    DMA2_Stream7_IRQHandler                  0x0801028f   Thumb Code     0  startup_stm32f401xc.o(.text)
    EXTI0_IRQHandler                         0x0801028f   Thumb Code     0  startup_stm32f401xc.o(.text)
    EXTI15_10_IRQHandler                     0x0801028f   Thumb Code     0  startup_stm32f401xc.o(.text)
    EXTI1_IRQHandler                         0x0801028f   Thumb Code     0  startup_stm32f401xc.o(.text)
    EXTI2_IRQHandler                         0x0801028f   Thumb Code     0  startup_stm32f401xc.o(.text)
    EXTI3_IRQHandler                         0x0801028f   Thumb Code     0  startup_stm32f401xc.o(.text)
    EXTI4_IRQHandler                         0x0801028f   Thumb Code     0  startup_stm32f401xc.o(.text)
    EXTI9_5_IRQHandler                       0x0801028f   Thumb Code     0  startup_stm32f401xc.o(.text)
    FLASH_IRQHandler                         0x0801028f   Thumb Code     0  startup_stm32f401xc.o(.text)
    FPU_IRQHandler                           0x0801028f   Thumb Code     0  startup_stm32f401xc.o(.text)
    I2C1_ER_IRQHandler                       0x0801028f   Thumb Code     0  startup_stm32f401xc.o(.text)
    I2C1_EV_IRQHandler                       0x0801028f   Thumb Code     0  startup_stm32f401xc.o(.text)
    I2C2_ER_IRQHandler                       0x0801028f   Thumb Code     0  startup_stm32f401xc.o(.text)
    I2C2_EV_IRQHandler                       0x0801028f   Thumb Code     0  startup_stm32f401xc.o(.text)
    I2C3_ER_IRQHandler                       0x0801028f   Thumb Code     0  startup_stm32f401xc.o(.text)
    I2C3_EV_IRQHandler                       0x0801028f   Thumb Code     0  startup_stm32f401xc.o(.text)
    OTG_FS_WKUP_IRQHandler                   0x0801028f   Thumb Code     0  startup_stm32f401xc.o(.text)
    PVD_IRQHandler                           0x0801028f   Thumb Code     0  startup_stm32f401xc.o(.text)
    RCC_IRQHandler                           0x0801028f   Thumb Code     0  startup_stm32f401xc.o(.text)
    RTC_Alarm_IRQHandler                     0x0801028f   Thumb Code     0  startup_stm32f401xc.o(.text)
    RTC_WKUP_IRQHandler                      0x0801028f   Thumb Code     0  startup_stm32f401xc.o(.text)
    SDIO_IRQHandler                          0x0801028f   Thumb Code     0  startup_stm32f401xc.o(.text)
    SPI1_IRQHandler                          0x0801028f   Thumb Code     0  startup_stm32f401xc.o(.text)
    SPI2_IRQHandler                          0x0801028f   Thumb Code     0  startup_stm32f401xc.o(.text)
    SPI3_IRQHandler                          0x0801028f   Thumb Code     0  startup_stm32f401xc.o(.text)
    SPI4_IRQHandler                          0x0801028f   Thumb Code     0  startup_stm32f401xc.o(.text)
    TAMP_STAMP_IRQHandler                    0x0801028f   Thumb Code     0  startup_stm32f401xc.o(.text)
    TIM1_BRK_TIM9_IRQHandler                 0x0801028f   Thumb Code     0  startup_stm32f401xc.o(.text)
    TIM1_CC_IRQHandler                       0x0801028f   Thumb Code     0  startup_stm32f401xc.o(.text)
    TIM1_TRG_COM_TIM11_IRQHandler            0x0801028f   Thumb Code     0  startup_stm32f401xc.o(.text)
    TIM1_UP_TIM10_IRQHandler                 0x0801028f   Thumb Code     0  startup_stm32f401xc.o(.text)
    TIM2_IRQHandler                          0x0801028f   Thumb Code     0  startup_stm32f401xc.o(.text)
    TIM3_IRQHandler                          0x0801028f   Thumb Code     0  startup_stm32f401xc.o(.text)
    TIM4_IRQHandler                          0x0801028f   Thumb Code     0  startup_stm32f401xc.o(.text)
    TIM5_IRQHandler                          0x0801028f   Thumb Code     0  startup_stm32f401xc.o(.text)
    USART1_IRQHandler                        0x0801028f   Thumb Code     0  startup_stm32f401xc.o(.text)
    USART2_IRQHandler                        0x0801028f   Thumb Code     0  startup_stm32f401xc.o(.text)
    USART6_IRQHandler                        0x0801028f   Thumb Code     0  startup_stm32f401xc.o(.text)
    WWDG_IRQHandler                          0x0801028f   Thumb Code     0  startup_stm32f401xc.o(.text)
    __user_initial_stackheap                 0x08010291   Thumb Code     0  startup_stm32f401xc.o(.text)
    __aeabi_uldivmod                         0x080102b5   Thumb Code     0  lludivv7m.o(.text)
    _ll_udiv                                 0x080102b5   Thumb Code   238  lludivv7m.o(.text)
    __aeabi_memcpy4                          0x080103a3   Thumb Code     0  rt_memcpy_w.o(.text)
    __aeabi_memcpy8                          0x080103a3   Thumb Code     0  rt_memcpy_w.o(.text)
    __rt_memcpy_w                            0x080103a3   Thumb Code   100  rt_memcpy_w.o(.text)
    _memcpy_lastbytes_aligned                0x080103eb   Thumb Code     0  rt_memcpy_w.o(.text)
    __aeabi_memclr4                          0x08010407   Thumb Code     0  rt_memclr_w.o(.text)
    __aeabi_memclr8                          0x08010407   Thumb Code     0  rt_memclr_w.o(.text)
    __rt_memclr_w                            0x08010407   Thumb Code    78  rt_memclr_w.o(.text)
    _memset_w                                0x0801040b   Thumb Code     0  rt_memclr_w.o(.text)
    __use_two_region_memory                  0x08010455   Thumb Code     2  heapauxi.o(.text)
    __rt_heap_escrow$2region                 0x08010457   Thumb Code     2  heapauxi.o(.text)
    __rt_heap_expand$2region                 0x08010459   Thumb Code     2  heapauxi.o(.text)
    __user_libspace                          0x0801045d   Thumb Code     8  libspace.o(.text)
    __user_perproc_libspace                  0x0801045d   Thumb Code     0  libspace.o(.text)
    __user_perthread_libspace                0x0801045d   Thumb Code     0  libspace.o(.text)
    __user_setup_stackheap                   0x08010465   Thumb Code    74  sys_stackheap_outer.o(.text)
    exit                                     0x080104af   Thumb Code    18  exit.o(.text)
    _sys_exit                                0x080104c1   Thumb Code     8  sys_exit.o(.text)
    __I$use$semihosting                      0x080104cd   Thumb Code     0  use_no_semi.o(.text)
    __use_no_semihosting_swi                 0x080104cd   Thumb Code     2  use_no_semi.o(.text)
    BusFault_Handler                         0x080104cf   Thumb Code     4  stm32f4xx_it.o(i.BusFault_Handler)
    __semihosting_library_function           0x080104cf   Thumb Code     0  indicate_semi.o(.text)
    ClearKey                                 0x080104f9   Thumb Code    20  main.o(i.ClearKey)
    DebugMon_Handler                         0x08010511   Thumb Code     2  stm32f4xx_it.o(i.DebugMon_Handler)
    Error_Handler                            0x08010513   Thumb Code     6  main.o(i.Error_Handler)
    FnKey                                    0x08010519   Thumb Code   136  main.o(i.FnKey)
    HAL_Delay                                0x080105e9   Thumb Code    36  stm32f4xx_hal.o(i.HAL_Delay)
    HAL_GPIO_Init                            0x08010611   Thumb Code   424  stm32f4xx_hal_gpio.o(i.HAL_GPIO_Init)
    HAL_GPIO_WritePin                        0x080107d9   Thumb Code    12  stm32f4xx_hal_gpio.o(i.HAL_GPIO_WritePin)
    HAL_GetTick                              0x080107e5   Thumb Code     6  stm32f4xx_hal.o(i.HAL_GetTick)
    HAL_I2C_Init                             0x080107f1   Thumb Code   446  stm32f4xx_hal_i2c.o(i.HAL_I2C_Init)
    HAL_I2C_Mem_Write                        0x080109c1   Thumb Code   348  stm32f4xx_hal_i2c.o(i.HAL_I2C_Mem_Write)
    HAL_I2C_MspInit                          0x08010b25   Thumb Code   284  stm32f4xx_hal_msp.o(i.HAL_I2C_MspInit)
    HAL_IncTick                              0x08010c55   Thumb Code    16  stm32f4xx_hal.o(i.HAL_IncTick)
    HAL_Init                                 0x08010c6d   Thumb Code    54  stm32f4xx_hal.o(i.HAL_Init)
    HAL_InitTick                             0x08010ca9   Thumb Code    64  stm32f4xx_hal.o(i.HAL_InitTick)
    HAL_MspInit                              0x08010cf5   Thumb Code    68  stm32f4xx_hal_msp.o(i.HAL_MspInit)
    HAL_NVIC_EnableIRQ                       0x08010d3d   Thumb Code    32  stm32f4xx_hal_cortex.o(i.HAL_NVIC_EnableIRQ)
    HAL_NVIC_SetPriority                     0x08010d5d   Thumb Code   124  stm32f4xx_hal_cortex.o(i.HAL_NVIC_SetPriority)
    HAL_NVIC_SetPriorityGrouping             0x08010dd9   Thumb Code    32  stm32f4xx_hal_cortex.o(i.HAL_NVIC_SetPriorityGrouping)
    HAL_PCDEx_LPM_Callback                   0x08010e01   Thumb Code     2  stm32f4xx_hal_pcd_ex.o(i.HAL_PCDEx_LPM_Callback)
    HAL_PCDEx_SetRxFiFo                      0x08010e03   Thumb Code    10  stm32f4xx_hal_pcd_ex.o(i.HAL_PCDEx_SetRxFiFo)
    HAL_PCDEx_SetTxFiFo                      0x08010e0d   Thumb Code    78  stm32f4xx_hal_pcd_ex.o(i.HAL_PCDEx_SetTxFiFo)
    HAL_PCD_ConnectCallback                  0x08010e5b   Thumb Code    14  usbd_conf.o(i.HAL_PCD_ConnectCallback)
    HAL_PCD_DataInStageCallback              0x08010e69   Thumb Code    32  usbd_conf.o(i.HAL_PCD_DataInStageCallback)
    HAL_PCD_DataOutStageCallback             0x08010e89   Thumb Code    32  usbd_conf.o(i.HAL_PCD_DataOutStageCallback)
    HAL_PCD_DisconnectCallback               0x08010ea9   Thumb Code    14  usbd_conf.o(i.HAL_PCD_DisconnectCallback)
    HAL_PCD_EP_Abort                         0x08010eb7   Thumb Code    66  stm32f4xx_hal_pcd.o(i.HAL_PCD_EP_Abort)
    HAL_PCD_EP_Close                         0x08010ef9   Thumb Code   106  stm32f4xx_hal_pcd.o(i.HAL_PCD_EP_Close)
    HAL_PCD_EP_ClrStall                      0x08010f63   Thumb Code   124  stm32f4xx_hal_pcd.o(i.HAL_PCD_EP_ClrStall)
    HAL_PCD_EP_Open                          0x08010fdf   Thumb Code   140  stm32f4xx_hal_pcd.o(i.HAL_PCD_EP_Open)
    HAL_PCD_EP_Receive                       0x0801106b   Thumb Code    88  stm32f4xx_hal_pcd.o(i.HAL_PCD_EP_Receive)
    HAL_PCD_EP_SetStall                      0x080110c3   Thumb Code   138  stm32f4xx_hal_pcd.o(i.HAL_PCD_EP_SetStall)
    HAL_PCD_EP_Transmit                      0x0801114d   Thumb Code    90  stm32f4xx_hal_pcd.o(i.HAL_PCD_EP_Transmit)
    HAL_PCD_IRQHandler                       0x080111a7   Thumb Code  1738  stm32f4xx_hal_pcd.o(i.HAL_PCD_IRQHandler)
    HAL_PCD_ISOINIncompleteCallback          0x08011871   Thumb Code    18  usbd_conf.o(i.HAL_PCD_ISOINIncompleteCallback)
    HAL_PCD_ISOOUTIncompleteCallback         0x08011883   Thumb Code    18  usbd_conf.o(i.HAL_PCD_ISOOUTIncompleteCallback)
    HAL_PCD_Init                             0x08011895   Thumb Code   358  stm32f4xx_hal_pcd.o(i.HAL_PCD_Init)
    HAL_PCD_MspInit                          0x080119fd   Thumb Code   160  usbd_conf.o(i.HAL_PCD_MspInit)
    HAL_PCD_ResetCallback                    0x08011aa5   Thumb Code    36  usbd_conf.o(i.HAL_PCD_ResetCallback)
    HAL_PCD_ResumeCallback                   0x08011ac9   Thumb Code    14  usbd_conf.o(i.HAL_PCD_ResumeCallback)
    HAL_PCD_SOFCallback                      0x08011ad7   Thumb Code    14  usbd_conf.o(i.HAL_PCD_SOFCallback)
    HAL_PCD_SetAddress                       0x08011ae5   Thumb Code    54  stm32f4xx_hal_pcd.o(i.HAL_PCD_SetAddress)
    HAL_PCD_SetupStageCallback               0x08011b1b   Thumb Code    18  usbd_conf.o(i.HAL_PCD_SetupStageCallback)
    HAL_PCD_Start                            0x08011b2d   Thumb Code    74  stm32f4xx_hal_pcd.o(i.HAL_PCD_Start)
    HAL_PCD_SuspendCallback                  0x08011b79   Thumb Code    46  usbd_conf.o(i.HAL_PCD_SuspendCallback)
    HAL_RCC_ClockConfig                      0x08011bad   Thumb Code   368  stm32f4xx_hal_rcc.o(i.HAL_RCC_ClockConfig)
    HAL_RCC_GetHCLKFreq                      0x08011d31   Thumb Code     6  stm32f4xx_hal_rcc.o(i.HAL_RCC_GetHCLKFreq)
    HAL_RCC_GetPCLK1Freq                     0x08011d3d   Thumb Code    22  stm32f4xx_hal_rcc.o(i.HAL_RCC_GetPCLK1Freq)
    HAL_RCC_GetSysClockFreq                  0x08011d5d   Thumb Code   162  stm32f4xx_hal_rcc.o(i.HAL_RCC_GetSysClockFreq)
    HAL_RCC_OscConfig                        0x08011e0d   Thumb Code  1172  stm32f4xx_hal_rcc.o(i.HAL_RCC_OscConfig)
    HAL_SYSTICK_Config                       0x080122a9   Thumb Code    52  stm32f4xx_hal_cortex.o(i.HAL_SYSTICK_Config)
    HardFault_Handler                        0x080122dd   Thumb Code     4  stm32f4xx_it.o(i.HardFault_Handler)
    MX_USB_DEVICE_Init                       0x080127b9   Thumb Code    60  usb_device.o(i.MX_USB_DEVICE_Init)
    MemManage_Handler                        0x08012805   Thumb Code     4  stm32f4xx_it.o(i.MemManage_Handler)
    NMI_Handler                              0x08012809   Thumb Code     4  stm32f4xx_it.o(i.NMI_Handler)
    OTG_FS_IRQHandler                        0x0801280d   Thumb Code    10  stm32f4xx_it.o(i.OTG_FS_IRQHandler)
    PendSV_Handler                           0x08012a7b   Thumb Code     2  stm32f4xx_it.o(i.PendSV_Handler)
    RowKey                                   0x08012a7d   Thumb Code   426  main.o(i.RowKey)
    SVC_Handler                              0x08012c39   Thumb Code     2  stm32f4xx_it.o(i.SVC_Handler)
    SysTick_Handler                          0x08012c4d   Thumb Code     8  stm32f4xx_it.o(i.SysTick_Handler)
    SystemClock_Config                       0x08012c55   Thumb Code   174  main.o(i.SystemClock_Config)
    SystemInit                               0x08012d0d   Thumb Code    14  system_stm32f4xx.o(i.SystemInit)
    USBD_CUSTOM_HID_ReceivePacket            0x08013045   Thumb Code    52  usbd_customhid.o(i.USBD_CUSTOM_HID_ReceivePacket)
    USBD_CUSTOM_HID_RegisterInterface        0x0801307d   Thumb Code    24  usbd_customhid.o(i.USBD_CUSTOM_HID_RegisterInterface)
    USBD_CUSTOM_HID_SendReport               0x08013095   Thumb Code    82  usbd_customhid.o(i.USBD_CUSTOM_HID_SendReport)
    USBD_ClrClassConfig                      0x08013289   Thumb Code    28  usbd_core.o(i.USBD_ClrClassConfig)
    USBD_CoreFindEP                          0x080132e3   Thumb Code     6  usbd_core.o(i.USBD_CoreFindEP)
    USBD_CoreFindIF                          0x080132e9   Thumb Code     6  usbd_core.o(i.USBD_CoreFindIF)
    USBD_CtlContinueRx                       0x080132ef   Thumb Code    24  usbd_ioreq.o(i.USBD_CtlContinueRx)
    USBD_CtlContinueSendData                 0x08013307   Thumb Code    24  usbd_ioreq.o(i.USBD_CtlContinueSendData)
    USBD_CtlError                            0x0801331f   Thumb Code    24  usbd_ctlreq.o(i.USBD_CtlError)
    USBD_CtlPrepareRx                        0x08013337   Thumb Code    40  usbd_ioreq.o(i.USBD_CtlPrepareRx)
    USBD_CtlReceiveStatus                    0x0801335f   Thumb Code    26  usbd_ioreq.o(i.USBD_CtlReceiveStatus)
    USBD_CtlSendData                         0x08013379   Thumb Code    34  usbd_ioreq.o(i.USBD_CtlSendData)
    USBD_CtlSendStatus                       0x0801339b   Thumb Code    26  usbd_ioreq.o(i.USBD_CtlSendStatus)
    USBD_FS_ConfigStrDescriptor              0x080133b5   Thumb Code    34  usbd_desc.o(i.USBD_FS_ConfigStrDescriptor)
    USBD_FS_DeviceDescriptor                 0x080133f1   Thumb Code    10  usbd_desc.o(i.USBD_FS_DeviceDescriptor)
    USBD_FS_InterfaceStrDescriptor           0x08013401   Thumb Code    34  usbd_desc.o(i.USBD_FS_InterfaceStrDescriptor)
    USBD_FS_LangIDStrDescriptor              0x08013441   Thumb Code    10  usbd_desc.o(i.USBD_FS_LangIDStrDescriptor)
    USBD_FS_ManufacturerStrDescriptor        0x08013451   Thumb Code    20  usbd_desc.o(i.USBD_FS_ManufacturerStrDescriptor)
    USBD_FS_ProductStrDescriptor             0x0801346d   Thumb Code    34  usbd_desc.o(i.USBD_FS_ProductStrDescriptor)
    USBD_FS_SerialStrDescriptor              0x080134a5   Thumb Code    18  usbd_desc.o(i.USBD_FS_SerialStrDescriptor)
    USBD_GetEpDesc                           0x0801370f   Thumb Code    80  usbd_core.o(i.USBD_GetEpDesc)
    USBD_GetNextDesc                         0x08013775   Thumb Code    20  usbd_core.o(i.USBD_GetNextDesc)
    USBD_GetString                           0x080137e3   Thumb Code    84  usbd_ctlreq.o(i.USBD_GetString)
    USBD_Get_USB_Status                      0x08013837   Thumb Code    44  usbd_conf.o(i.USBD_Get_USB_Status)
    USBD_Init                                0x08013863   Thumb Code    58  usbd_core.o(i.USBD_Init)
    USBD_LL_ClearStallEP                     0x0801389d   Thumb Code    38  usbd_conf.o(i.USBD_LL_ClearStallEP)
    USBD_LL_CloseEP                          0x080138c3   Thumb Code    38  usbd_conf.o(i.USBD_LL_CloseEP)
    USBD_LL_DataInStage                      0x080138e9   Thumb Code   264  usbd_core.o(i.USBD_LL_DataInStage)
    USBD_LL_DataOutStage                     0x080139f1   Thumb Code   258  usbd_core.o(i.USBD_LL_DataOutStage)
    USBD_LL_DevConnected                     0x08013af3   Thumb Code     6  usbd_core.o(i.USBD_LL_DevConnected)
    USBD_LL_DevDisconnected                  0x08013af9   Thumb Code    38  usbd_core.o(i.USBD_LL_DevDisconnected)
    USBD_LL_Init                             0x08013b21   Thumb Code   100  usbd_conf.o(i.USBD_LL_Init)
    USBD_LL_IsStallEP                        0x08013b89   Thumb Code    56  usbd_conf.o(i.USBD_LL_IsStallEP)
    USBD_LL_IsoINIncomplete                  0x08013bc1   Thumb Code    72  usbd_core.o(i.USBD_LL_IsoINIncomplete)
    USBD_LL_IsoOUTIncomplete                 0x08013c09   Thumb Code    72  usbd_core.o(i.USBD_LL_IsoOUTIncomplete)
    USBD_LL_OpenEP                           0x08013c51   Thumb Code    48  usbd_conf.o(i.USBD_LL_OpenEP)
    USBD_LL_PrepareReceive                   0x08013c81   Thumb Code    48  usbd_conf.o(i.USBD_LL_PrepareReceive)
    USBD_LL_Reset                            0x08013cb1   Thumb Code   108  usbd_core.o(i.USBD_LL_Reset)
    USBD_LL_Resume                           0x08013d1d   Thumb Code    22  usbd_core.o(i.USBD_LL_Resume)
    USBD_LL_SOF                              0x08013d33   Thumb Code    40  usbd_core.o(i.USBD_LL_SOF)
    USBD_LL_SetSpeed                         0x08013d5b   Thumb Code     8  usbd_core.o(i.USBD_LL_SetSpeed)
    USBD_LL_SetUSBAddress                    0x08013d63   Thumb Code    38  usbd_conf.o(i.USBD_LL_SetUSBAddress)
    USBD_LL_SetupStage                       0x08013d89   Thumb Code   118  usbd_core.o(i.USBD_LL_SetupStage)
    USBD_LL_StallEP                          0x08013dff   Thumb Code    38  usbd_conf.o(i.USBD_LL_StallEP)
    USBD_LL_Start                            0x08013e25   Thumb Code    30  usbd_conf.o(i.USBD_LL_Start)
    USBD_LL_Suspend                          0x08013e43   Thumb Code    20  usbd_core.o(i.USBD_LL_Suspend)
    USBD_LL_Transmit                         0x08013e57   Thumb Code    48  usbd_conf.o(i.USBD_LL_Transmit)
    USBD_ParseSetupRequest                   0x08013e87   Thumb Code    54  usbd_ctlreq.o(i.USBD_ParseSetupRequest)
    USBD_RegisterClass                       0x08013ebd   Thumb Code    72  usbd_core.o(i.USBD_RegisterClass)
    USBD_RunTestMode                         0x08013f05   Thumb Code     6  usbd_core.o(i.USBD_RunTestMode)
    USBD_SetClassConfig                      0x08013f65   Thumb Code    32  usbd_core.o(i.USBD_SetClassConfig)
    USBD_Start                               0x080140c1   Thumb Code    12  usbd_core.o(i.USBD_Start)
    USBD_StdDevReq                           0x080140cd   Thumb Code   174  usbd_ctlreq.o(i.USBD_StdDevReq)
    USBD_StdEPReq                            0x0801417b   Thumb Code   640  usbd_ctlreq.o(i.USBD_StdEPReq)
    USBD_StdItfReq                           0x080143fb   Thumb Code   174  usbd_ctlreq.o(i.USBD_StdItfReq)
    USBD_static_free                         0x080144a9   Thumb Code     2  usbd_conf.o(i.USBD_static_free)
    USBD_static_malloc                       0x080144ad   Thumb Code     6  usbd_conf.o(i.USBD_static_malloc)
    USB_ActivateEndpoint                     0x080144b9   Thumb Code   202  stm32f4xx_ll_usb.o(i.USB_ActivateEndpoint)
    USB_ActivateSetup                        0x08014589   Thumb Code    40  stm32f4xx_ll_usb.o(i.USB_ActivateSetup)
    USB_CoreInit                             0x080145b1   Thumb Code   128  stm32f4xx_ll_usb.o(i.USB_CoreInit)
    USB_DeactivateEndpoint                   0x0801468d   Thumb Code   318  stm32f4xx_ll_usb.o(i.USB_DeactivateEndpoint)
    USB_DevConnect                           0x080147d9   Thumb Code    36  stm32f4xx_ll_usb.o(i.USB_DevConnect)
    USB_DevDisconnect                        0x080147fd   Thumb Code    36  stm32f4xx_ll_usb.o(i.USB_DevDisconnect)
    USB_DevInit                              0x08014821   Thumb Code   472  stm32f4xx_ll_usb.o(i.USB_DevInit)
    USB_DisableGlobalInt                     0x08014a01   Thumb Code    14  stm32f4xx_ll_usb.o(i.USB_DisableGlobalInt)
    USB_EP0StartXfer                         0x08014a11   Thumb Code   472  stm32f4xx_ll_usb.o(i.USB_EP0StartXfer)
    USB_EP0_OutStart                         0x08014bed   Thumb Code   106  stm32f4xx_ll_usb.o(i.USB_EP0_OutStart)
    USB_EPClearStall                         0x08014c5d   Thumb Code   142  stm32f4xx_ll_usb.o(i.USB_EPClearStall)
    USB_EPSetStall                           0x08014ceb   Thumb Code   154  stm32f4xx_ll_usb.o(i.USB_EPSetStall)
    USB_EPStartXfer                          0x08014d85   Thumb Code   836  stm32f4xx_ll_usb.o(i.USB_EPStartXfer)
    USB_EPStopXfer                           0x080150cd   Thumb Code   236  stm32f4xx_ll_usb.o(i.USB_EPStopXfer)
    USB_EnableGlobalInt                      0x080151b9   Thumb Code    14  stm32f4xx_ll_usb.o(i.USB_EnableGlobalInt)
    USB_FlushRxFifo                          0x080151c9   Thumb Code    80  stm32f4xx_ll_usb.o(i.USB_FlushRxFifo)
    USB_FlushTxFifo                          0x0801521d   Thumb Code    84  stm32f4xx_ll_usb.o(i.USB_FlushTxFifo)
    USB_GetDevSpeed                          0x08015275   Thumb Code    38  stm32f4xx_ll_usb.o(i.USB_GetDevSpeed)
    USB_GetMode                              0x0801529b   Thumb Code    10  stm32f4xx_ll_usb.o(i.USB_GetMode)
    USB_ReadDevAllInEpInterrupt              0x080152a5   Thumb Code    20  stm32f4xx_ll_usb.o(i.USB_ReadDevAllInEpInterrupt)
    USB_ReadDevAllOutEpInterrupt             0x080152b9   Thumb Code    20  stm32f4xx_ll_usb.o(i.USB_ReadDevAllOutEpInterrupt)
    USB_ReadDevInEPInterrupt                 0x080152cd   Thumb Code    50  stm32f4xx_ll_usb.o(i.USB_ReadDevInEPInterrupt)
    USB_ReadDevOutEPInterrupt                0x080152ff   Thumb Code    26  stm32f4xx_ll_usb.o(i.USB_ReadDevOutEPInterrupt)
    USB_ReadInterrupts                       0x08015319   Thumb Code    10  stm32f4xx_ll_usb.o(i.USB_ReadInterrupts)
    USB_ReadPacket                           0x08015323   Thumb Code    96  stm32f4xx_ll_usb.o(i.USB_ReadPacket)
    USB_SetCurrentMode                       0x08015383   Thumb Code   104  stm32f4xx_ll_usb.o(i.USB_SetCurrentMode)
    USB_SetDevAddress                        0x080153eb   Thumb Code    42  stm32f4xx_ll_usb.o(i.USB_SetDevAddress)
    USB_SetDevSpeed                          0x08015415   Thumb Code    18  stm32f4xx_ll_usb.o(i.USB_SetDevSpeed)
    USB_SetTurnaroundTime                    0x08015429   Thumb Code   192  stm32f4xx_ll_usb.o(i.USB_SetTurnaroundTime)
    USB_WritePacket                          0x08015511   Thumb Code    68  stm32f4xx_ll_usb.o(i.USB_WritePacket)
    UsageFault_Handler                       0x08015555   Thumb Code     4  stm32f4xx_it.o(i.UsageFault_Handler)
    main                                     0x08015591   Thumb Code   176  main.o(i.main)
    ssd1306_DrawBitmap                       0x0801564d   Thumb Code   138  ssd1306.o(i.ssd1306_DrawBitmap)
    ssd1306_DrawPixel                        0x080156d9   Thumb Code   136  ssd1306.o(i.ssd1306_DrawPixel)
    ssd1306_Fill                             0x08015765   Thumb Code    28  ssd1306.o(i.ssd1306_Fill)
    ssd1306_Init                             0x08015785   Thumb Code   198  ssd1306.o(i.ssd1306_Init)
    ssd1306_Reset                            0x08015851   Thumb Code     2  ssd1306.o(i.ssd1306_Reset)
    ssd1306_SetContrast                      0x08015853   Thumb Code    20  ssd1306.o(i.ssd1306_SetContrast)
    ssd1306_SetDisplayOn                     0x08015869   Thumb Code    32  ssd1306.o(i.ssd1306_SetDisplayOn)
    ssd1306_UpdateScreen                     0x0801588d   Thumb Code    52  ssd1306.o(i.ssd1306_UpdateScreen)
    ssd1306_WriteCommand                     0x080158c5   Thumb Code    34  ssd1306.o(i.ssd1306_WriteCommand)
    ssd1306_WriteData                        0x080158ed   Thumb Code    32  ssd1306.o(i.ssd1306_WriteData)
    _fp_init                                 0x08015911   Thumb Code    10  fpinit.o(x$fpl$fpinit)
    __fplib_config_fpu_vfp                   0x08015919   Thumb Code     0  fpinit.o(x$fpl$fpinit)
    __fplib_config_pureend_doubles           0x08015919   Thumb Code     0  fpinit.o(x$fpl$fpinit)
    epd_bitmap_frame_0_delay_0               0x0801591c   Data         512  main.o(.constdata)
    epd_bitmap_frame_1_delay_0               0x08015b1c   Data         512  main.o(.constdata)
    epd_bitmap_frame_3_delay_0               0x08015d1c   Data         512  main.o(.constdata)
    epd_bitmap_frame_5_delay_0               0x08015f1c   Data         512  main.o(.constdata)
    epd_bitmap_allArray_LEN                  0x0801611c   Data           4  main.o(.constdata)
    KeyArray                                 0x08016120   Data          24  main.o(.constdata)
    KeyFn                                    0x08016138   Data          48  main.o(.constdata)
    FnNum                                    0x08016168   Data          48  main.o(.constdata)
    AHBPrescTable                            0x08016198   Data          16  system_stm32f4xx.o(.constdata)
    APBPrescTable                            0x080161a8   Data           8  system_stm32f4xx.o(.constdata)
    Region$$Table$$Base                      0x080161b0   Number         0  anon$$obj.o(Region$$Table)
    Region$$Table$$Limit                     0x080161d0   Number         0  anon$$obj.o(Region$$Table)
    str                                      0x20000000   Data          13  main.o(.data)
    MacrosKey                                0x2000000e   Data           2  main.o(.data)
    epd_bitmap_allArray                      0x20000010   Data          24  main.o(.data)
    keyboardhid                              0x20000028   Data           9  main.o(.data)
    FS_Desc                                  0x20000038   Data          28  usbd_desc.o(.data)
    USBD_FS_DeviceDesc                       0x20000054   Data          18  usbd_desc.o(.data)
    USBD_LangIDDesc                          0x20000068   Data           4  usbd_desc.o(.data)
    USBD_StringSerial                        0x2000006c   Data          26  usbd_desc.o(.data)
    USBD_CustomHID_fops_FS                   0x200000f0   Data          16  usbd_custom_hid_if.o(.data)
    uwTick                                   0x20000100   Data           4  stm32f4xx_hal.o(.data)
    uwTickPrio                               0x20000104   Data           4  stm32f4xx_hal.o(.data)
    uwTickFreq                               0x20000108   Data           1  stm32f4xx_hal.o(.data)
    SystemCoreClock                          0x2000010c   Data           4  system_stm32f4xx.o(.data)
    USBD_CUSTOM_HID                          0x20000114   Data          56  usbd_customhid.o(.data)
    hi2c1                                    0x20000190   Data          84  main.o(.bss)
    hi2c3                                    0x200001e4   Data          84  main.o(.bss)
    hUsbDeviceFS                             0x20000438   Data         732  usb_device.o(.bss)
    USBD_StrDesc                             0x20000714   Data         512  usbd_desc.o(.bss)
    hpcd_USB_OTG_FS                          0x20000914   Data        1292  usbd_conf.o(.bss)
    __libspace_start                         0x20000e3c   Data          96  libspace.o(.bss)
    __temporary_stack_top$libspace           0x20000e9c   Data           0  libspace.o(.bss)



==============================================================================

Memory Map of the image

  Image Entry point : 0x08010195

  Load Region LR_IROM1 (Base: 0x08010000, Size: 0x00006360, Max: 0x00030000, ABSOLUTE, COMPRESSED[0x000062f0])

    Execution Region ER_IROM1 (Exec base: 0x08010000, Load base: 0x08010000, Size: 0x000061d0, Max: 0x00030000, ABSOLUTE)

    Exec Addr    Load Addr    Size         Type   Attr      Idx    E Section Name        Object

    0x08010000   0x08010000   0x00000194   Data   RO            3    RESET               startup_stm32f401xc.o
    0x08010194   0x08010194   0x00000008   Code   RO         3924  * !!!main             c_w.l(__main.o)
    0x0801019c   0x0801019c   0x00000034   Code   RO         4214    !!!scatter          c_w.l(__scatter.o)
    0x080101d0   0x080101d0   0x0000005a   Code   RO         4212    !!dczerorl2         c_w.l(__dczerorl2.o)
    0x0801022a   0x0801022a   0x00000002   PAD
    0x0801022c   0x0801022c   0x0000001c   Code   RO         4216    !!handler_zi        c_w.l(__scatter_zi.o)
    0x08010248   0x08010248   0x00000002   Code   RO         4083    .ARM.Collect$$libinit$$00000000  c_w.l(libinit.o)
    0x0801024a   0x0801024a   0x00000004   Code   RO         4092    .ARM.Collect$$libinit$$00000001  c_w.l(libinit2.o)
    0x0801024e   0x0801024e   0x00000000   Code   RO         4095    .ARM.Collect$$libinit$$00000004  c_w.l(libinit2.o)
    0x0801024e   0x0801024e   0x00000000   Code   RO         4098    .ARM.Collect$$libinit$$0000000A  c_w.l(libinit2.o)
    0x0801024e   0x0801024e   0x00000000   Code   RO         4100    .ARM.Collect$$libinit$$0000000C  c_w.l(libinit2.o)
    0x0801024e   0x0801024e   0x00000000   Code   RO         4102    .ARM.Collect$$libinit$$0000000E  c_w.l(libinit2.o)
    0x0801024e   0x0801024e   0x00000000   Code   RO         4105    .ARM.Collect$$libinit$$00000011  c_w.l(libinit2.o)
    0x0801024e   0x0801024e   0x00000000   Code   RO         4107    .ARM.Collect$$libinit$$00000013  c_w.l(libinit2.o)
    0x0801024e   0x0801024e   0x00000000   Code   RO         4109    .ARM.Collect$$libinit$$00000015  c_w.l(libinit2.o)
    0x0801024e   0x0801024e   0x00000000   Code   RO         4111    .ARM.Collect$$libinit$$00000017  c_w.l(libinit2.o)
    0x0801024e   0x0801024e   0x00000000   Code   RO         4113    .ARM.Collect$$libinit$$00000019  c_w.l(libinit2.o)
    0x0801024e   0x0801024e   0x00000000   Code   RO         4115    .ARM.Collect$$libinit$$0000001B  c_w.l(libinit2.o)
    0x0801024e   0x0801024e   0x00000000   Code   RO         4117    .ARM.Collect$$libinit$$0000001D  c_w.l(libinit2.o)
    0x0801024e   0x0801024e   0x00000000   Code   RO         4119    .ARM.Collect$$libinit$$0000001F  c_w.l(libinit2.o)
    0x0801024e   0x0801024e   0x00000000   Code   RO         4121    .ARM.Collect$$libinit$$00000021  c_w.l(libinit2.o)
    0x0801024e   0x0801024e   0x00000000   Code   RO         4123    .ARM.Collect$$libinit$$00000023  c_w.l(libinit2.o)
    0x0801024e   0x0801024e   0x00000000   Code   RO         4125    .ARM.Collect$$libinit$$00000025  c_w.l(libinit2.o)
    0x0801024e   0x0801024e   0x00000000   Code   RO         4129    .ARM.Collect$$libinit$$0000002C  c_w.l(libinit2.o)
    0x0801024e   0x0801024e   0x00000000   Code   RO         4131    .ARM.Collect$$libinit$$0000002E  c_w.l(libinit2.o)
    0x0801024e   0x0801024e   0x00000000   Code   RO         4133    .ARM.Collect$$libinit$$00000030  c_w.l(libinit2.o)
    0x0801024e   0x0801024e   0x00000000   Code   RO         4135    .ARM.Collect$$libinit$$00000032  c_w.l(libinit2.o)
    0x0801024e   0x0801024e   0x00000002   Code   RO         4136    .ARM.Collect$$libinit$$00000033  c_w.l(libinit2.o)
    0x08010250   0x08010250   0x00000002   Code   RO         4167    .ARM.Collect$$libshutdown$$00000000  c_w.l(libshutdown.o)
    0x08010252   0x08010252   0x00000000   Code   RO         4193    .ARM.Collect$$libshutdown$$00000002  c_w.l(libshutdown2.o)
    0x08010252   0x08010252   0x00000000   Code   RO         4195    .ARM.Collect$$libshutdown$$00000004  c_w.l(libshutdown2.o)
    0x08010252   0x08010252   0x00000000   Code   RO         4197    .ARM.Collect$$libshutdown$$00000006  c_w.l(libshutdown2.o)
    0x08010252   0x08010252   0x00000000   Code   RO         4200    .ARM.Collect$$libshutdown$$00000009  c_w.l(libshutdown2.o)
    0x08010252   0x08010252   0x00000000   Code   RO         4203    .ARM.Collect$$libshutdown$$0000000C  c_w.l(libshutdown2.o)
    0x08010252   0x08010252   0x00000000   Code   RO         4205    .ARM.Collect$$libshutdown$$0000000E  c_w.l(libshutdown2.o)
    0x08010252   0x08010252   0x00000000   Code   RO         4208    .ARM.Collect$$libshutdown$$00000011  c_w.l(libshutdown2.o)
    0x08010252   0x08010252   0x00000002   Code   RO         4209    .ARM.Collect$$libshutdown$$00000012  c_w.l(libshutdown2.o)
    0x08010254   0x08010254   0x00000000   Code   RO         3970    .ARM.Collect$$rtentry$$00000000  c_w.l(__rtentry.o)
    0x08010254   0x08010254   0x00000000   Code   RO         4028    .ARM.Collect$$rtentry$$00000002  c_w.l(__rtentry2.o)
    0x08010254   0x08010254   0x00000006   Code   RO         4040    .ARM.Collect$$rtentry$$00000004  c_w.l(__rtentry4.o)
    0x0801025a   0x0801025a   0x00000000   Code   RO         4030    .ARM.Collect$$rtentry$$00000009  c_w.l(__rtentry2.o)
    0x0801025a   0x0801025a   0x00000004   Code   RO         4031    .ARM.Collect$$rtentry$$0000000A  c_w.l(__rtentry2.o)
    0x0801025e   0x0801025e   0x00000000   Code   RO         4033    .ARM.Collect$$rtentry$$0000000C  c_w.l(__rtentry2.o)
    0x0801025e   0x0801025e   0x00000008   Code   RO         4034    .ARM.Collect$$rtentry$$0000000D  c_w.l(__rtentry2.o)
    0x08010266   0x08010266   0x00000002   Code   RO         4084    .ARM.Collect$$rtexit$$00000000  c_w.l(rtexit.o)
    0x08010268   0x08010268   0x00000000   Code   RO         4140    .ARM.Collect$$rtexit$$00000002  c_w.l(rtexit2.o)
    0x08010268   0x08010268   0x00000004   Code   RO         4141    .ARM.Collect$$rtexit$$00000003  c_w.l(rtexit2.o)
    0x0801026c   0x0801026c   0x00000006   Code   RO         4142    .ARM.Collect$$rtexit$$00000004  c_w.l(rtexit2.o)
    0x08010272   0x08010272   0x00000002   PAD
    0x08010274   0x08010274   0x00000040   Code   RO            4    .text               startup_stm32f401xc.o
    0x080102b4   0x080102b4   0x000000ee   Code   RO         3882    .text               c_w.l(lludivv7m.o)
    0x080103a2   0x080103a2   0x00000064   Code   RO         3918    .text               c_w.l(rt_memcpy_w.o)
    0x08010406   0x08010406   0x0000004e   Code   RO         3920    .text               c_w.l(rt_memclr_w.o)
    0x08010454   0x08010454   0x00000006   Code   RO         3922    .text               c_w.l(heapauxi.o)
    0x0801045a   0x0801045a   0x00000002   PAD
    0x0801045c   0x0801045c   0x00000008   Code   RO         4067    .text               c_w.l(libspace.o)
    0x08010464   0x08010464   0x0000004a   Code   RO         4070    .text               c_w.l(sys_stackheap_outer.o)
    0x080104ae   0x080104ae   0x00000012   Code   RO         4072    .text               c_w.l(exit.o)
    0x080104c0   0x080104c0   0x0000000c   Code   RO         4137    .text               c_w.l(sys_exit.o)
    0x080104cc   0x080104cc   0x00000002   Code   RO         4156    .text               c_w.l(use_no_semi.o)
    0x080104ce   0x080104ce   0x00000000   Code   RO         4158    .text               c_w.l(indicate_semi.o)
    0x080104ce   0x080104ce   0x00000004   Code   RO          256    i.BusFault_Handler  stm32f4xx_it.o
    0x080104d2   0x080104d2   0x00000004   Code   RO          808    i.CUSTOM_HID_DeInit_FS  usbd_custom_hid_if.o
    0x080104d6   0x080104d6   0x00000004   Code   RO          809    i.CUSTOM_HID_Init_FS  usbd_custom_hid_if.o
    0x080104da   0x080104da   0x00000002   PAD
    0x080104dc   0x080104dc   0x0000001c   Code   RO          810    i.CUSTOM_HID_OutEvent_FS  usbd_custom_hid_if.o
    0x080104f8   0x080104f8   0x00000018   Code   RO           13    i.ClearKey          main.o
    0x08010510   0x08010510   0x00000002   Code   RO          257    i.DebugMon_Handler  stm32f4xx_it.o
    0x08010512   0x08010512   0x00000006   Code   RO           14    i.Error_Handler     main.o
    0x08010518   0x08010518   0x0000009c   Code   RO           15    i.FnKey             main.o
    0x080105b4   0x080105b4   0x00000034   Code   RO          718    i.Get_SerialNum     usbd_desc.o
    0x080105e8   0x080105e8   0x00000028   Code   RO         2640    i.HAL_Delay         stm32f4xx_hal.o
    0x08010610   0x08010610   0x000001c8   Code   RO         2085    i.HAL_GPIO_Init     stm32f4xx_hal_gpio.o
    0x080107d8   0x080107d8   0x0000000c   Code   RO         2089    i.HAL_GPIO_WritePin  stm32f4xx_hal_gpio.o
    0x080107e4   0x080107e4   0x0000000c   Code   RO         2646    i.HAL_GetTick       stm32f4xx_hal.o
    0x080107f0   0x080107f0   0x000001d0   Code   RO         2902    i.HAL_I2C_Init      stm32f4xx_hal_i2c.o
    0x080109c0   0x080109c0   0x00000164   Code   RO         2923    i.HAL_I2C_Mem_Write  stm32f4xx_hal_i2c.o
    0x08010b24   0x08010b24   0x00000130   Code   RO          343    i.HAL_I2C_MspInit   stm32f4xx_hal_msp.o
    0x08010c54   0x08010c54   0x00000018   Code   RO         2652    i.HAL_IncTick       stm32f4xx_hal.o
    0x08010c6c   0x08010c6c   0x0000003c   Code   RO         2653    i.HAL_Init          stm32f4xx_hal.o
    0x08010ca8   0x08010ca8   0x0000004c   Code   RO         2654    i.HAL_InitTick      stm32f4xx_hal.o
    0x08010cf4   0x08010cf4   0x00000048   Code   RO          344    i.HAL_MspInit       stm32f4xx_hal_msp.o
    0x08010d3c   0x08010d3c   0x00000020   Code   RO         2498    i.HAL_NVIC_EnableIRQ  stm32f4xx_hal_cortex.o
    0x08010d5c   0x08010d5c   0x0000007c   Code   RO         2504    i.HAL_NVIC_SetPriority  stm32f4xx_hal_cortex.o
    0x08010dd8   0x08010dd8   0x00000028   Code   RO         2505    i.HAL_NVIC_SetPriorityGrouping  stm32f4xx_hal_cortex.o
    0x08010e00   0x08010e00   0x00000002   Code   RO         1299    i.HAL_PCDEx_LPM_Callback  stm32f4xx_hal_pcd_ex.o
    0x08010e02   0x08010e02   0x0000000a   Code   RO         1300    i.HAL_PCDEx_SetRxFiFo  stm32f4xx_hal_pcd_ex.o
    0x08010e0c   0x08010e0c   0x0000004e   Code   RO         1301    i.HAL_PCDEx_SetTxFiFo  stm32f4xx_hal_pcd_ex.o
    0x08010e5a   0x08010e5a   0x0000000e   Code   RO          848    i.HAL_PCD_ConnectCallback  usbd_conf.o
    0x08010e68   0x08010e68   0x00000020   Code   RO          849    i.HAL_PCD_DataInStageCallback  usbd_conf.o
    0x08010e88   0x08010e88   0x00000020   Code   RO          850    i.HAL_PCD_DataOutStageCallback  usbd_conf.o
    0x08010ea8   0x08010ea8   0x0000000e   Code   RO          851    i.HAL_PCD_DisconnectCallback  usbd_conf.o
    0x08010eb6   0x08010eb6   0x00000042   Code   RO         1064    i.HAL_PCD_EP_Abort  stm32f4xx_hal_pcd.o
    0x08010ef8   0x08010ef8   0x0000006a   Code   RO         1065    i.HAL_PCD_EP_Close  stm32f4xx_hal_pcd.o
    0x08010f62   0x08010f62   0x0000007c   Code   RO         1066    i.HAL_PCD_EP_ClrStall  stm32f4xx_hal_pcd.o
    0x08010fde   0x08010fde   0x0000008c   Code   RO         1069    i.HAL_PCD_EP_Open   stm32f4xx_hal_pcd.o
    0x0801106a   0x0801106a   0x00000058   Code   RO         1070    i.HAL_PCD_EP_Receive  stm32f4xx_hal_pcd.o
    0x080110c2   0x080110c2   0x0000008a   Code   RO         1071    i.HAL_PCD_EP_SetStall  stm32f4xx_hal_pcd.o
    0x0801114c   0x0801114c   0x0000005a   Code   RO         1072    i.HAL_PCD_EP_Transmit  stm32f4xx_hal_pcd.o
    0x080111a6   0x080111a6   0x000006ca   Code   RO         1074    i.HAL_PCD_IRQHandler  stm32f4xx_hal_pcd.o
    0x08011870   0x08011870   0x00000012   Code   RO          852    i.HAL_PCD_ISOINIncompleteCallback  usbd_conf.o
    0x08011882   0x08011882   0x00000012   Code   RO          853    i.HAL_PCD_ISOOUTIncompleteCallback  usbd_conf.o
    0x08011894   0x08011894   0x00000166   Code   RO         1077    i.HAL_PCD_Init      stm32f4xx_hal_pcd.o
    0x080119fa   0x080119fa   0x00000002   PAD
    0x080119fc   0x080119fc   0x000000a8   Code   RO          855    i.HAL_PCD_MspInit   usbd_conf.o
    0x08011aa4   0x08011aa4   0x00000024   Code   RO          856    i.HAL_PCD_ResetCallback  usbd_conf.o
    0x08011ac8   0x08011ac8   0x0000000e   Code   RO          857    i.HAL_PCD_ResumeCallback  usbd_conf.o
    0x08011ad6   0x08011ad6   0x0000000e   Code   RO          858    i.HAL_PCD_SOFCallback  usbd_conf.o
    0x08011ae4   0x08011ae4   0x00000036   Code   RO         1083    i.HAL_PCD_SetAddress  stm32f4xx_hal_pcd.o
    0x08011b1a   0x08011b1a   0x00000012   Code   RO          859    i.HAL_PCD_SetupStageCallback  usbd_conf.o
    0x08011b2c   0x08011b2c   0x0000004a   Code   RO         1086    i.HAL_PCD_Start     stm32f4xx_hal_pcd.o
    0x08011b76   0x08011b76   0x00000002   PAD
    0x08011b78   0x08011b78   0x00000034   Code   RO          860    i.HAL_PCD_SuspendCallback  usbd_conf.o
    0x08011bac   0x08011bac   0x00000184   Code   RO         1652    i.HAL_RCC_ClockConfig  stm32f4xx_hal_rcc.o
    0x08011d30   0x08011d30   0x0000000c   Code   RO         1657    i.HAL_RCC_GetHCLKFreq  stm32f4xx_hal_rcc.o
    0x08011d3c   0x08011d3c   0x00000020   Code   RO         1659    i.HAL_RCC_GetPCLK1Freq  stm32f4xx_hal_rcc.o
    0x08011d5c   0x08011d5c   0x000000b0   Code   RO         1661    i.HAL_RCC_GetSysClockFreq  stm32f4xx_hal_rcc.o
    0x08011e0c   0x08011e0c   0x0000049c   Code   RO         1664    i.HAL_RCC_OscConfig  stm32f4xx_hal_rcc.o
    0x080122a8   0x080122a8   0x00000034   Code   RO         2509    i.HAL_SYSTICK_Config  stm32f4xx_hal_cortex.o
    0x080122dc   0x080122dc   0x00000004   Code   RO          258    i.HardFault_Handler  stm32f4xx_it.o
    0x080122e0   0x080122e0   0x0000003e   Code   RO         2945    i.I2C_IsAcknowledgeFailed  stm32f4xx_hal_i2c.o
    0x0801231e   0x0801231e   0x00000002   PAD
    0x08012320   0x08012320   0x000000e0   Code   RO         2957    i.I2C_RequestMemoryWrite  stm32f4xx_hal_i2c.o
    0x08012400   0x08012400   0x0000005c   Code   RO         2965    i.I2C_WaitOnBTFFlagUntilTimeout  stm32f4xx_hal_i2c.o
    0x0801245c   0x0801245c   0x00000086   Code   RO         2966    i.I2C_WaitOnFlagUntilTimeout  stm32f4xx_hal_i2c.o
    0x080124e2   0x080124e2   0x000000c4   Code   RO         2967    i.I2C_WaitOnMasterAddressFlagUntilTimeout  stm32f4xx_hal_i2c.o
    0x080125a6   0x080125a6   0x0000005c   Code   RO         2971    i.I2C_WaitOnTXEFlagUntilTimeout  stm32f4xx_hal_i2c.o
    0x08012602   0x08012602   0x0000003e   Code   RO          719    i.IntToUnicode      usbd_desc.o
    0x08012640   0x08012640   0x00000100   Code   RO           16    i.MX_GPIO_Init      main.o
    0x08012740   0x08012740   0x0000003c   Code   RO           17    i.MX_I2C1_Init      main.o
    0x0801277c   0x0801277c   0x0000003c   Code   RO           18    i.MX_I2C3_Init      main.o
    0x080127b8   0x080127b8   0x0000004c   Code   RO          670    i.MX_USB_DEVICE_Init  usb_device.o
    0x08012804   0x08012804   0x00000004   Code   RO          259    i.MemManage_Handler  stm32f4xx_it.o
    0x08012808   0x08012808   0x00000004   Code   RO          260    i.NMI_Handler       stm32f4xx_it.o
    0x0801280c   0x0801280c   0x00000010   Code   RO          261    i.OTG_FS_IRQHandler  stm32f4xx_it.o
    0x0801281c   0x0801281c   0x00000064   Code   RO         1090    i.PCD_EP_OutSetupPacket_int  stm32f4xx_hal_pcd.o
    0x08012880   0x08012880   0x00000144   Code   RO         1091    i.PCD_EP_OutXfrComplete_int  stm32f4xx_hal_pcd.o
    0x080129c4   0x080129c4   0x000000b6   Code   RO         1092    i.PCD_WriteEmptyTxFifo  stm32f4xx_hal_pcd.o
    0x08012a7a   0x08012a7a   0x00000002   Code   RO          262    i.PendSV_Handler    stm32f4xx_it.o
    0x08012a7c   0x08012a7c   0x000001bc   Code   RO           19    i.RowKey            main.o
    0x08012c38   0x08012c38   0x00000002   Code   RO          263    i.SVC_Handler       stm32f4xx_it.o
    0x08012c3a   0x08012c3a   0x00000012   Code   RO         3628    i.SWAPBYTE          usbd_ctlreq.o
    0x08012c4c   0x08012c4c   0x00000008   Code   RO          264    i.SysTick_Handler   stm32f4xx_it.o
    0x08012c54   0x08012c54   0x000000b8   Code   RO           20    i.SystemClock_Config  main.o
    0x08012d0c   0x08012d0c   0x00000014   Code   RO         3430    i.SystemInit        system_stm32f4xx.o
    0x08012d20   0x08012d20   0x00000018   Code   RO         3791    i.USBD_CUSTOM_HID_DataIn  usbd_customhid.o
    0x08012d38   0x08012d38   0x00000040   Code   RO         3792    i.USBD_CUSTOM_HID_DataOut  usbd_customhid.o
    0x08012d78   0x08012d78   0x000000c4   Code   RO         3793    i.USBD_CUSTOM_HID_DeInit  usbd_customhid.o
    0x08012e3c   0x08012e3c   0x00000038   Code   RO         3794    i.USBD_CUSTOM_HID_EP0_RxReady  usbd_customhid.o
    0x08012e74   0x08012e74   0x00000010   Code   RO         3795    i.USBD_CUSTOM_HID_GetDeviceQualifierDesc  usbd_customhid.o
    0x08012e84   0x08012e84   0x00000038   Code   RO         3796    i.USBD_CUSTOM_HID_GetFSCfgDesc  usbd_customhid.o
    0x08012ebc   0x08012ebc   0x00000038   Code   RO         3797    i.USBD_CUSTOM_HID_GetHSCfgDesc  usbd_customhid.o
    0x08012ef4   0x08012ef4   0x00000038   Code   RO         3798    i.USBD_CUSTOM_HID_GetOtherSpeedCfgDesc  usbd_customhid.o
    0x08012f2c   0x08012f2c   0x00000118   Code   RO         3799    i.USBD_CUSTOM_HID_Init  usbd_customhid.o
    0x08013044   0x08013044   0x00000038   Code   RO         3800    i.USBD_CUSTOM_HID_ReceivePacket  usbd_customhid.o
    0x0801307c   0x0801307c   0x00000018   Code   RO         3801    i.USBD_CUSTOM_HID_RegisterInterface  usbd_customhid.o
    0x08013094   0x08013094   0x00000058   Code   RO         3802    i.USBD_CUSTOM_HID_SendReport  usbd_customhid.o
    0x080130ec   0x080130ec   0x0000019c   Code   RO         3803    i.USBD_CUSTOM_HID_Setup  usbd_customhid.o
    0x08013288   0x08013288   0x0000001c   Code   RO         3466    i.USBD_ClrClassConfig  usbd_core.o
    0x080132a4   0x080132a4   0x0000003e   Code   RO         3629    i.USBD_ClrFeature   usbd_ctlreq.o
    0x080132e2   0x080132e2   0x00000006   Code   RO         3467    i.USBD_CoreFindEP   usbd_core.o
    0x080132e8   0x080132e8   0x00000006   Code   RO         3468    i.USBD_CoreFindIF   usbd_core.o
    0x080132ee   0x080132ee   0x00000018   Code   RO         3731    i.USBD_CtlContinueRx  usbd_ioreq.o
    0x08013306   0x08013306   0x00000018   Code   RO         3732    i.USBD_CtlContinueSendData  usbd_ioreq.o
    0x0801331e   0x0801331e   0x00000018   Code   RO         3630    i.USBD_CtlError     usbd_ctlreq.o
    0x08013336   0x08013336   0x00000028   Code   RO         3733    i.USBD_CtlPrepareRx  usbd_ioreq.o
    0x0801335e   0x0801335e   0x0000001a   Code   RO         3734    i.USBD_CtlReceiveStatus  usbd_ioreq.o
    0x08013378   0x08013378   0x00000022   Code   RO         3735    i.USBD_CtlSendData  usbd_ioreq.o
    0x0801339a   0x0801339a   0x0000001a   Code   RO         3736    i.USBD_CtlSendStatus  usbd_ioreq.o
    0x080133b4   0x080133b4   0x0000003c   Code   RO          720    i.USBD_FS_ConfigStrDescriptor  usbd_desc.o
    0x080133f0   0x080133f0   0x00000010   Code   RO          721    i.USBD_FS_DeviceDescriptor  usbd_desc.o
    0x08013400   0x08013400   0x00000040   Code   RO          722    i.USBD_FS_InterfaceStrDescriptor  usbd_desc.o
    0x08013440   0x08013440   0x00000010   Code   RO          723    i.USBD_FS_LangIDStrDescriptor  usbd_desc.o
    0x08013450   0x08013450   0x0000001c   Code   RO          724    i.USBD_FS_ManufacturerStrDescriptor  usbd_desc.o
    0x0801346c   0x0801346c   0x00000038   Code   RO          725    i.USBD_FS_ProductStrDescriptor  usbd_desc.o
    0x080134a4   0x080134a4   0x00000018   Code   RO          726    i.USBD_FS_SerialStrDescriptor  usbd_desc.o
    0x080134bc   0x080134bc   0x00000056   Code   RO         3631    i.USBD_GetConfig    usbd_ctlreq.o
    0x08013512   0x08013512   0x000001fc   Code   RO         3632    i.USBD_GetDescriptor  usbd_ctlreq.o
    0x0801370e   0x0801370e   0x00000050   Code   RO         3470    i.USBD_GetEpDesc    usbd_core.o
    0x0801375e   0x0801375e   0x00000016   Code   RO         3633    i.USBD_GetLen       usbd_ctlreq.o
    0x08013774   0x08013774   0x00000014   Code   RO         3471    i.USBD_GetNextDesc  usbd_core.o
    0x08013788   0x08013788   0x0000005a   Code   RO         3634    i.USBD_GetStatus    usbd_ctlreq.o
    0x080137e2   0x080137e2   0x00000054   Code   RO         3635    i.USBD_GetString    usbd_ctlreq.o
    0x08013836   0x08013836   0x0000002c   Code   RO          861    i.USBD_Get_USB_Status  usbd_conf.o
    0x08013862   0x08013862   0x0000003a   Code   RO         3472    i.USBD_Init         usbd_core.o
    0x0801389c   0x0801389c   0x00000026   Code   RO          862    i.USBD_LL_ClearStallEP  usbd_conf.o
    0x080138c2   0x080138c2   0x00000026   Code   RO          863    i.USBD_LL_CloseEP   usbd_conf.o
    0x080138e8   0x080138e8   0x00000108   Code   RO         3473    i.USBD_LL_DataInStage  usbd_core.o
    0x080139f0   0x080139f0   0x00000102   Code   RO         3474    i.USBD_LL_DataOutStage  usbd_core.o
    0x08013af2   0x08013af2   0x00000006   Code   RO         3475    i.USBD_LL_DevConnected  usbd_core.o
    0x08013af8   0x08013af8   0x00000026   Code   RO         3476    i.USBD_LL_DevDisconnected  usbd_core.o
    0x08013b1e   0x08013b1e   0x00000002   PAD
    0x08013b20   0x08013b20   0x00000068   Code   RO          868    i.USBD_LL_Init      usbd_conf.o
    0x08013b88   0x08013b88   0x00000038   Code   RO          869    i.USBD_LL_IsStallEP  usbd_conf.o
    0x08013bc0   0x08013bc0   0x00000048   Code   RO         3477    i.USBD_LL_IsoINIncomplete  usbd_core.o
    0x08013c08   0x08013c08   0x00000048   Code   RO         3478    i.USBD_LL_IsoOUTIncomplete  usbd_core.o
    0x08013c50   0x08013c50   0x00000030   Code   RO          870    i.USBD_LL_OpenEP    usbd_conf.o
    0x08013c80   0x08013c80   0x00000030   Code   RO          871    i.USBD_LL_PrepareReceive  usbd_conf.o
    0x08013cb0   0x08013cb0   0x0000006c   Code   RO         3479    i.USBD_LL_Reset     usbd_core.o
    0x08013d1c   0x08013d1c   0x00000016   Code   RO         3480    i.USBD_LL_Resume    usbd_core.o
    0x08013d32   0x08013d32   0x00000028   Code   RO         3481    i.USBD_LL_SOF       usbd_core.o
    0x08013d5a   0x08013d5a   0x00000008   Code   RO         3482    i.USBD_LL_SetSpeed  usbd_core.o
    0x08013d62   0x08013d62   0x00000026   Code   RO          872    i.USBD_LL_SetUSBAddress  usbd_conf.o
    0x08013d88   0x08013d88   0x00000076   Code   RO         3483    i.USBD_LL_SetupStage  usbd_core.o
    0x08013dfe   0x08013dfe   0x00000026   Code   RO          873    i.USBD_LL_StallEP   usbd_conf.o
    0x08013e24   0x08013e24   0x0000001e   Code   RO          874    i.USBD_LL_Start     usbd_conf.o
    0x08013e42   0x08013e42   0x00000014   Code   RO         3484    i.USBD_LL_Suspend   usbd_core.o
    0x08013e56   0x08013e56   0x00000030   Code   RO          876    i.USBD_LL_Transmit  usbd_conf.o
    0x08013e86   0x08013e86   0x00000036   Code   RO         3636    i.USBD_ParseSetupRequest  usbd_ctlreq.o
    0x08013ebc   0x08013ebc   0x00000048   Code   RO         3485    i.USBD_RegisterClass  usbd_core.o
    0x08013f04   0x08013f04   0x00000006   Code   RO         3486    i.USBD_RunTestMode  usbd_core.o
    0x08013f0a   0x08013f0a   0x0000005a   Code   RO         3637    i.USBD_SetAddress   usbd_ctlreq.o
    0x08013f64   0x08013f64   0x00000020   Code   RO         3487    i.USBD_SetClassConfig  usbd_core.o
    0x08013f84   0x08013f84   0x00000104   Code   RO         3638    i.USBD_SetConfig    usbd_ctlreq.o
    0x08014088   0x08014088   0x00000038   Code   RO         3639    i.USBD_SetFeature   usbd_ctlreq.o
    0x080140c0   0x080140c0   0x0000000c   Code   RO         3488    i.USBD_Start        usbd_core.o
    0x080140cc   0x080140cc   0x000000ae   Code   RO         3640    i.USBD_StdDevReq    usbd_ctlreq.o
    0x0801417a   0x0801417a   0x00000280   Code   RO         3641    i.USBD_StdEPReq     usbd_ctlreq.o
    0x080143fa   0x080143fa   0x000000ae   Code   RO         3642    i.USBD_StdItfReq    usbd_ctlreq.o
    0x080144a8   0x080144a8   0x00000002   Code   RO          877    i.USBD_static_free  usbd_conf.o
    0x080144aa   0x080144aa   0x00000002   PAD
    0x080144ac   0x080144ac   0x0000000c   Code   RO          878    i.USBD_static_malloc  usbd_conf.o
    0x080144b8   0x080144b8   0x000000d0   Code   RO         1341    i.USB_ActivateEndpoint  stm32f4xx_ll_usb.o
    0x08014588   0x08014588   0x00000028   Code   RO         1343    i.USB_ActivateSetup  stm32f4xx_ll_usb.o
    0x080145b0   0x080145b0   0x00000084   Code   RO         1345    i.USB_CoreInit      stm32f4xx_ll_usb.o
    0x08014634   0x08014634   0x00000058   Code   RO         1346    i.USB_CoreReset     stm32f4xx_ll_usb.o
    0x0801468c   0x0801468c   0x0000014c   Code   RO         1349    i.USB_DeactivateEndpoint  stm32f4xx_ll_usb.o
    0x080147d8   0x080147d8   0x00000024   Code   RO         1350    i.USB_DevConnect    stm32f4xx_ll_usb.o
    0x080147fc   0x080147fc   0x00000024   Code   RO         1351    i.USB_DevDisconnect  stm32f4xx_ll_usb.o
    0x08014820   0x08014820   0x000001e0   Code   RO         1352    i.USB_DevInit       stm32f4xx_ll_usb.o
    0x08014a00   0x08014a00   0x0000000e   Code   RO         1353    i.USB_DisableGlobalInt  stm32f4xx_ll_usb.o
    0x08014a0e   0x08014a0e   0x00000002   PAD
    0x08014a10   0x08014a10   0x000001dc   Code   RO         1356    i.USB_EP0StartXfer  stm32f4xx_ll_usb.o
    0x08014bec   0x08014bec   0x00000070   Code   RO         1357    i.USB_EP0_OutStart  stm32f4xx_ll_usb.o
    0x08014c5c   0x08014c5c   0x0000008e   Code   RO         1358    i.USB_EPClearStall  stm32f4xx_ll_usb.o
    0x08014cea   0x08014cea   0x0000009a   Code   RO         1359    i.USB_EPSetStall    stm32f4xx_ll_usb.o
    0x08014d84   0x08014d84   0x00000348   Code   RO         1360    i.USB_EPStartXfer   stm32f4xx_ll_usb.o
    0x080150cc   0x080150cc   0x000000ec   Code   RO         1361    i.USB_EPStopXfer    stm32f4xx_ll_usb.o
    0x080151b8   0x080151b8   0x0000000e   Code   RO         1362    i.USB_EnableGlobalInt  stm32f4xx_ll_usb.o
    0x080151c6   0x080151c6   0x00000002   PAD
    0x080151c8   0x080151c8   0x00000054   Code   RO         1363    i.USB_FlushRxFifo   stm32f4xx_ll_usb.o
    0x0801521c   0x0801521c   0x00000058   Code   RO         1364    i.USB_FlushTxFifo   stm32f4xx_ll_usb.o
    0x08015274   0x08015274   0x00000026   Code   RO         1366    i.USB_GetDevSpeed   stm32f4xx_ll_usb.o
    0x0801529a   0x0801529a   0x0000000a   Code   RO         1368    i.USB_GetMode       stm32f4xx_ll_usb.o
    0x080152a4   0x080152a4   0x00000014   Code   RO         1375    i.USB_ReadDevAllInEpInterrupt  stm32f4xx_ll_usb.o
    0x080152b8   0x080152b8   0x00000014   Code   RO         1376    i.USB_ReadDevAllOutEpInterrupt  stm32f4xx_ll_usb.o
    0x080152cc   0x080152cc   0x00000032   Code   RO         1377    i.USB_ReadDevInEPInterrupt  stm32f4xx_ll_usb.o
    0x080152fe   0x080152fe   0x0000001a   Code   RO         1378    i.USB_ReadDevOutEPInterrupt  stm32f4xx_ll_usb.o
    0x08015318   0x08015318   0x0000000a   Code   RO         1379    i.USB_ReadInterrupts  stm32f4xx_ll_usb.o
    0x08015322   0x08015322   0x00000060   Code   RO         1380    i.USB_ReadPacket    stm32f4xx_ll_usb.o
    0x08015382   0x08015382   0x00000068   Code   RO         1382    i.USB_SetCurrentMode  stm32f4xx_ll_usb.o
    0x080153ea   0x080153ea   0x0000002a   Code   RO         1383    i.USB_SetDevAddress  stm32f4xx_ll_usb.o
    0x08015414   0x08015414   0x00000012   Code   RO         1384    i.USB_SetDevSpeed   stm32f4xx_ll_usb.o
    0x08015426   0x08015426   0x00000002   PAD
    0x08015428   0x08015428   0x000000e8   Code   RO         1385    i.USB_SetTurnaroundTime  stm32f4xx_ll_usb.o
    0x08015510   0x08015510   0x00000044   Code   RO         1388    i.USB_WritePacket   stm32f4xx_ll_usb.o
    0x08015554   0x08015554   0x00000004   Code   RO          265    i.UsageFault_Handler  stm32f4xx_it.o
    0x08015558   0x08015558   0x00000010   Code   RO         2511    i.__NVIC_GetPriorityGrouping  stm32f4xx_hal_cortex.o
    0x08015568   0x08015568   0x00000028   Code   RO         2512    i.__NVIC_SetPriority  stm32f4xx_hal_cortex.o
    0x08015590   0x08015590   0x000000bc   Code   RO           23    i.main              main.o
    0x0801564c   0x0801564c   0x0000008a   Code   RO          381    i.ssd1306_DrawBitmap  ssd1306.o
    0x080156d6   0x080156d6   0x00000002   PAD
    0x080156d8   0x080156d8   0x0000008c   Code   RO          383    i.ssd1306_DrawPixel  ssd1306.o
    0x08015764   0x08015764   0x00000020   Code   RO          385    i.ssd1306_Fill      ssd1306.o
    0x08015784   0x08015784   0x000000cc   Code   RO          390    i.ssd1306_Init      ssd1306.o
    0x08015850   0x08015850   0x00000002   Code   RO          394    i.ssd1306_Reset     ssd1306.o
    0x08015852   0x08015852   0x00000014   Code   RO          395    i.ssd1306_SetContrast  ssd1306.o
    0x08015866   0x08015866   0x00000002   PAD
    0x08015868   0x08015868   0x00000024   Code   RO          397    i.ssd1306_SetDisplayOn  ssd1306.o
    0x0801588c   0x0801588c   0x00000038   Code   RO          398    i.ssd1306_UpdateScreen  ssd1306.o
    0x080158c4   0x080158c4   0x00000028   Code   RO          400    i.ssd1306_WriteCommand  ssd1306.o
    0x080158ec   0x080158ec   0x00000024   Code   RO          401    i.ssd1306_WriteData  ssd1306.o
    0x08015910   0x08015910   0x0000000a   Code   RO         4152    x$fpl$fpinit        fz_wm.l(fpinit.o)
    0x0801591a   0x0801591a   0x00000002   PAD
    0x0801591c   0x0801591c   0x0000087c   Data   RO           25    .constdata          main.o
    0x08016198   0x08016198   0x00000018   Data   RO         3431    .constdata          system_stm32f4xx.o
    0x080161b0   0x080161b0   0x00000020   Data   RO         4210    Region$$Table       anon$$obj.o


    Execution Region RW_IRAM1 (Exec base: 0x20000000, Load base: 0x080161d0, Size: 0x000014a0, Max: 0x00010000, ABSOLUTE, COMPRESSED[0x00000120])

    Exec Addr    Load Addr    Size         Type   Attr      Idx    E Section Name        Object

    0x20000000   COMPRESSED   0x00000031   Data   RW           26    .data               main.o
    0x20000031   COMPRESSED   0x00000001   PAD
    0x20000032   COMPRESSED   0x00000006   Data   RW          404    .data               ssd1306.o
    0x20000038   COMPRESSED   0x0000004e   Data   RW          728    .data               usbd_desc.o
    0x20000086   COMPRESSED   0x00000002   PAD
    0x20000088   COMPRESSED   0x00000078   Data   RW          811    .data               usbd_custom_hid_if.o
    0x20000100   COMPRESSED   0x00000009   Data   RW         2660    .data               stm32f4xx_hal.o
    0x20000109   COMPRESSED   0x00000003   PAD
    0x2000010c   COMPRESSED   0x00000004   Data   RW         3432    .data               system_stm32f4xx.o
    0x20000110   COMPRESSED   0x00000001   Data   RW         3643    .data               usbd_ctlreq.o
    0x20000111   COMPRESSED   0x00000003   PAD
    0x20000114   COMPRESSED   0x0000007c   Data   RW         3804    .data               usbd_customhid.o
    0x20000190        -       0x000000a8   Zero   RW           24    .bss                main.o
    0x20000238        -       0x00000200   Zero   RW          403    .bss                ssd1306.o
    0x20000438        -       0x000002dc   Zero   RW          671    .bss                usb_device.o
    0x20000714        -       0x00000200   Zero   RW          727    .bss                usbd_desc.o
    0x20000914        -       0x00000528   Zero   RW          879    .bss                usbd_conf.o
    0x20000e3c        -       0x00000060   Zero   RW         4068    .bss                c_w.l(libspace.o)
    0x20000e9c   COMPRESSED   0x00000004   PAD
    0x20000ea0        -       0x00000200   Zero   RW            2    HEAP                startup_stm32f401xc.o
    0x200010a0        -       0x00000400   Zero   RW            1    STACK               startup_stm32f401xc.o


==============================================================================

Image component sizes


      Code (inc. data)   RO Data    RW Data    ZI Data      Debug   Object Name

      1378        106       2172         49        168     404604   main.o
       704         32          0          6        512       7050   ssd1306.o
        64         26        404          0       1536        868   startup_stm32f401xc.o
       212         36          0          9          0       9445   stm32f4xx_hal.o
       304         22          0          0          0      34619   stm32f4xx_hal_cortex.o
       468         32          0          0          0       2156   stm32f4xx_hal_gpio.o
      1620         30          0          0          0       8467   stm32f4xx_hal_i2c.o
       376         24          0          0          0       1836   stm32f4xx_hal_msp.o
      3582         16          0          0          0      13524   stm32f4xx_hal_pcd.o
        90          0          0          0          0       2529   stm32f4xx_hal_pcd_ex.o
      1788         74          0          0          0       5181   stm32f4xx_hal_rcc.o
        50          6          0          0          0       6014   stm32f4xx_it.o
      4246         98          0          0          0      24411   stm32f4xx_ll_usb.o
        20          6         24          4          0       1199   system_stm32f4xx.o
        76         16          0          0        732       2490   usb_device.o
       974         24          0          0       1320      17612   usbd_conf.o
      1346          0          0          0          0      17085   usbd_core.o
      2342         30          0          1          0      18248   usbd_ctlreq.o
        36          4          0        120          0       2400   usbd_custom_hid_if.o
      1384         60          0        124          0      13131   usbd_customhid.o
       378        114          0         78        512       7141   usbd_desc.o
       174          0          0          0          0       4880   usbd_ioreq.o

    ----------------------------------------------------------------------
     21634        756       2632        400       4780     604890   Object Totals
         0          0         32          0          0          0   (incl. Generated)
        22          0          0          9          0          0   (incl. Padding)

    ----------------------------------------------------------------------

      Code (inc. data)   RO Data    RW Data    ZI Data      Debug   Library Member Name

        90          0          0          0          0          0   __dczerorl2.o
         8          0          0          0          0         68   __main.o
         0          0          0          0          0          0   __rtentry.o
        12          0          0          0          0          0   __rtentry2.o
         6          0          0          0          0          0   __rtentry4.o
        52          8          0          0          0          0   __scatter.o
        28          0          0          0          0          0   __scatter_zi.o
        18          0          0          0          0         80   exit.o
         6          0          0          0          0        152   heapauxi.o
         0          0          0          0          0          0   indicate_semi.o
         2          0          0          0          0          0   libinit.o
         6          0          0          0          0          0   libinit2.o
         2          0          0          0          0          0   libshutdown.o
         2          0          0          0          0          0   libshutdown2.o
         8          4          0          0         96         68   libspace.o
       238          0          0          0          0        100   lludivv7m.o
        78          0          0          0          0         80   rt_memclr_w.o
       100          0          0          0          0         80   rt_memcpy_w.o
         2          0          0          0          0          0   rtexit.o
        10          0          0          0          0          0   rtexit2.o
        12          4          0          0          0         68   sys_exit.o
        74          0          0          0          0         80   sys_stackheap_outer.o
         2          0          0          0          0         68   use_no_semi.o
        10          0          0          0          0        116   fpinit.o

    ----------------------------------------------------------------------
       774         16          0          0        100        960   Library Totals
         8          0          0          0          4          0   (incl. Padding)

    ----------------------------------------------------------------------

      Code (inc. data)   RO Data    RW Data    ZI Data      Debug   Library Name

       756         16          0          0         96        844   c_w.l
        10          0          0          0          0        116   fz_wm.l

    ----------------------------------------------------------------------
       774         16          0          0        100        960   Library Totals

    ----------------------------------------------------------------------

==============================================================================


      Code (inc. data)   RO Data    RW Data    ZI Data      Debug   

     22408        772       2632        400       4880     586238   Grand Totals
     22408        772       2632        288       4880     586238   ELF Image Totals (compressed)
     22408        772       2632        288          0          0   ROM Totals

==============================================================================

    Total RO  Size (Code + RO Data)                25040 (  24.45kB)
    Total RW  Size (RW Data + ZI Data)              5280 (   5.16kB)
    Total ROM Size (Code + RO Data + RW Data)      25328 (  24.73kB)

==============================================================================

